Component: ARM Compiler 5.06 update 6 for Certification (build 750) Tool: armlink [4d35ed]

==============================================================================

Section Cross References

    main.o(i.Display) refers to printf6.o(i.__0sprintf$6) for __2sprintf
    main.o(i.Display) refers to oled_new.o(i.Oled_ShowString) for Oled_ShowString
    main.o(i.Display) refers to oled_new.o(i.Oled_ShowCHinese) for Oled_ShowCHinese
    main.o(i.Display) refers to main.o(.bss) for .bss
    main.o(i.Display) refers to main.o(.data) for .data
    main.o(i.HAL_TIM_PeriodElapsedCallback) refers to hal_key.o(i.keyHandle) for keyHandle
    main.o(i.HAL_TIM_PeriodElapsedCallback) refers to gizwits_product.o(i.gizTimerMs) for gizTimerMs
    main.o(i.HAL_TIM_PeriodElapsedCallback) refers to main.o(i.Modbus_Event) for Modbus_Event
    main.o(i.HAL_TIM_PeriodElapsedCallback) refers to tim.o(.bss) for htim2
    main.o(i.HAL_TIM_PeriodElapsedCallback) refers to main.o(.data) for .data
    main.o(i.HAL_TIM_PeriodElapsedCallback) refers to main.o(.bss) for .bss
    main.o(i.Modbus_Event) refers to _scanf_int.o(.text) for _scanf_int
    main.o(i.Modbus_Event) refers to __0sscanf.o(.text) for __0sscanf
    main.o(i.Modbus_Event) refers to printf6.o(i.__0printf$6) for __2printf
    main.o(i.Modbus_Event) refers to main.o(.data) for .data
    main.o(i.Modbus_Event) refers to main.o(.bss) for .bss
    main.o(i.Modbus_Event) refers to gizwits_product.o(.bss) for currentDataPoint
    main.o(i.SystemClock_Config) refers to memseta.o(.text) for __aeabi_memclr4
    main.o(i.SystemClock_Config) refers to stm32f1xx_hal_rcc.o(i.HAL_RCC_OscConfig) for HAL_RCC_OscConfig
    main.o(i.SystemClock_Config) refers to stm32f1xx_hal_rcc.o(i.HAL_RCC_ClockConfig) for HAL_RCC_ClockConfig
    main.o(i.key1LongPress) refers to gizwits_protocol.o(i.gizwitsSetMode) for gizwitsSetMode
    main.o(i.key1ShortPress) refers to gizwits_protocol.o(i.gizwitsSetMode) for gizwitsSetMode
    main.o(i.key2LongPress) refers to gizwits_protocol.o(i.gizwitsSetMode) for gizwitsSetMode
    main.o(i.key2ShortPress) refers to gizwits_protocol.o(i.gizwitsSetMode) for gizwitsSetMode
    main.o(i.main) refers to stm32f1xx_hal.o(i.HAL_Init) for HAL_Init
    main.o(i.main) refers to main.o(i.SystemClock_Config) for SystemClock_Config
    main.o(i.main) refers to gpio.o(i.MX_GPIO_Init) for MX_GPIO_Init
    main.o(i.main) refers to tim.o(i.MX_TIM2_Init) for MX_TIM2_Init
    main.o(i.main) refers to usart.o(i.MX_USART1_UART_Init) for MX_USART1_UART_Init
    main.o(i.main) refers to usart.o(i.MX_USART2_UART_Init) for MX_USART2_UART_Init
    main.o(i.main) refers to usart.o(i.MX_USART3_UART_Init) for MX_USART3_UART_Init
    main.o(i.main) refers to tim.o(i.MX_TIM4_Init) for MX_TIM4_Init
    main.o(i.main) refers to iwdg.o(i.MX_IWDG_Init) for MX_IWDG_Init
    main.o(i.main) refers to stm32f1xx_hal_cortex.o(i.HAL_NVIC_SetPriority) for HAL_NVIC_SetPriority
    main.o(i.main) refers to stm32f1xx_hal_cortex.o(i.HAL_NVIC_EnableIRQ) for HAL_NVIC_EnableIRQ
    main.o(i.main) refers to oled_new.o(i.OLED_Init) for OLED_Init
    main.o(i.main) refers to oled_new.o(i.OLED_Clear) for OLED_Clear
    main.o(i.main) refers to oled_new.o(i.Oled_ShowCHinese) for Oled_ShowCHinese
    main.o(i.main) refers to gizwits_product.o(i.timerInit) for timerInit
    main.o(i.main) refers to gizwits_product.o(i.uartInit) for uartInit
    main.o(i.main) refers to gizwits_product.o(i.userInit) for userInit
    main.o(i.main) refers to gizwits_protocol.o(i.gizwitsInit) for gizwitsInit
    main.o(i.main) refers to stm32f1xx_hal_tim.o(i.HAL_TIM_Base_Start_IT) for HAL_TIM_Base_Start_IT
    main.o(i.main) refers to stm32f1xx_hal_iwdg.o(i.HAL_IWDG_Refresh) for HAL_IWDG_Refresh
    main.o(i.main) refers to key.o(i.KEY_Scan) for KEY_Scan
    main.o(i.main) refers to gizwits_protocol.o(i.gizwitsSetMode) for gizwitsSetMode
    main.o(i.main) refers to main.o(i.Display) for Display
    main.o(i.main) refers to gizwits_product.o(i.userHandle) for userHandle
    main.o(i.main) refers to gizwits_protocol.o(i.gizwitsHandle) for gizwitsHandle
    main.o(i.main) refers to tim.o(.bss) for htim4
    main.o(i.main) refers to main.o(.data) for .data
    main.o(i.main) refers to iwdg.o(.bss) for hiwdg
    main.o(i.main) refers to gizwits_product.o(.bss) for currentDataPoint
    gpio.o(i.MX_GPIO_Init) refers to stm32f1xx_hal_gpio.o(i.HAL_GPIO_WritePin) for HAL_GPIO_WritePin
    gpio.o(i.MX_GPIO_Init) refers to stm32f1xx_hal_gpio.o(i.HAL_GPIO_Init) for HAL_GPIO_Init
    iwdg.o(i.MX_IWDG_Init) refers to stm32f1xx_hal_iwdg.o(i.HAL_IWDG_Init) for HAL_IWDG_Init
    iwdg.o(i.MX_IWDG_Init) refers to main.o(i.Error_Handler) for Error_Handler
    iwdg.o(i.MX_IWDG_Init) refers to iwdg.o(.bss) for .bss
    tim.o(i.HAL_TIM_Base_MspDeInit) refers to stm32f1xx_hal_cortex.o(i.HAL_NVIC_DisableIRQ) for HAL_NVIC_DisableIRQ
    tim.o(i.HAL_TIM_Base_MspInit) refers to stm32f1xx_hal_cortex.o(i.HAL_NVIC_SetPriority) for HAL_NVIC_SetPriority
[...]
    ../clib/microlib/malloc/malloc.c         0x00000000   Number         0  malloca.o ABSOLUTE
    ../clib/microlib/malloc/mvars.c          0x00000000   Number         0  mvars.o ABSOLUTE
    ../clib/microlib/printf/printf.c         0x00000000   Number         0  printf6.o ABSOLUTE
    ../clib/microlib/printf/printf.c         0x00000000   Number         0  printf7.o ABSOLUTE
    ../clib/microlib/printf/printf.c         0x00000000   Number         0  printf8.o ABSOLUTE
    ../clib/microlib/printf/printf.c         0x00000000   Number         0  printfa.o ABSOLUTE
    ../clib/microlib/printf/printf.c         0x00000000   Number         0  printf1.o ABSOLUTE
    ../clib/microlib/printf/printf.c         0x00000000   Number         0  printfb.o ABSOLUTE
    ../clib/microlib/printf/printf.c         0x00000000   Number         0  printf2.o ABSOLUTE
    ../clib/microlib/printf/printf.c         0x00000000   Number         0  printf0.o ABSOLUTE
    ../clib/microlib/printf/printf.c         0x00000000   Number         0  printf4.o ABSOLUTE
    ../clib/microlib/printf/printf.c         0x00000000   Number         0  printf5.o ABSOLUTE
    ../clib/microlib/printf/printf.c         0x00000000   Number         0  printf3.o ABSOLUTE
    ../clib/microlib/printf/stubs.s          0x00000000   Number         0  stubs.o ABSOLUTE
    ../clib/microlib/stdio/streams.c         0x00000000   Number         0  stdout.o ABSOLUTE
    ../clib/microlib/string/memcpy.c         0x00000000   Number         0  memcpya.o ABSOLUTE
    ../clib/microlib/string/memcpy.c         0x00000000   Number         0  memcpyb.o ABSOLUTE
    ../clib/microlib/string/memset.c         0x00000000   Number         0  memseta.o ABSOLUTE
    ../clib/microlib/string/strlen.c         0x00000000   Number         0  strlen.o ABSOLUTE
    ../clib/microlib/stubs.s                 0x00000000   Number         0  iusefp.o ABSOLUTE
    ../clib/scanf.c                          0x00000000   Number         0  scanf_char.o ABSOLUTE
    ../clib/scanf.c                          0x00000000   Number         0  _chval.o ABSOLUTE
    ../clib/scanf.c                          0x00000000   Number         0  _scanf.o ABSOLUTE
    ../clib/scanf.c                          0x00000000   Number         0  _sgetc.o ABSOLUTE
    ../clib/scanf.c                          0x00000000   Number         0  _scanf_int.o ABSOLUTE
    ../clib/scanf.c                          0x00000000   Number         0  __0sscanf.o ABSOLUTE
    ../fplib/microlib/fpadd.c                0x00000000   Number         0  dadd.o ABSOLUTE
    ../fplib/microlib/fpadd.c                0x00000000   Number         0  fadd.o ABSOLUTE
    ../fplib/microlib/fpdiv.c                0x00000000   Number         0  ddiv.o ABSOLUTE
    ../fplib/microlib/fpdiv.c                0x00000000   Number         0  fdiv.o ABSOLUTE
    ../fplib/microlib/fpepilogue.c           0x00000000   Number         0  fepilogue.o ABSOLUTE
    ../fplib/microlib/fpepilogue.c           0x00000000   Number         0  depilogue.o ABSOLUTE
    ../fplib/microlib/fpfix.c                0x00000000   Number         0  ffixui.o ABSOLUTE
    ../fplib/microlib/fpfix.c                0x00000000   Number         0  dfixul.o ABSOLUTE
    ../fplib/microlib/fpflt.c                0x00000000   Number         0  ffltui.o ABSOLUTE
    ../fplib/microlib/fpmul.c                0x00000000   Number         0  dmul.o ABSOLUTE
    ../fplib/microlib/fpmul.c                0x00000000   Number         0  fmul.o ABSOLUTE
    ..\Drivers\STM32F1xx_HAL_Driver\Src\stm32f1xx_hal.c 0x00000000   Number         0  stm32f1xx_hal.o ABSOLUTE
    ..\Drivers\STM32F1xx_HAL_Driver\Src\stm32f1xx_hal_cortex.c 0x00000000   Number         0  stm32f1xx_hal_cortex.o ABSOLUTE
    ..\Drivers\STM32F1xx_HAL_Driver\Src\stm32f1xx_hal_dma.c 0x00000000   Number         0  stm32f1xx_hal_dma.o ABSOLUTE
    ..\Drivers\STM32F1xx_HAL_Driver\Src\stm32f1xx_hal_exti.c 0x00000000   Number         0  stm32f1xx_hal_exti.o ABSOLUTE
    ..\Drivers\STM32F1xx_HAL_Driver\Src\stm32f1xx_hal_flash.c 0x00000000   Number         0  stm32f1xx_hal_flash.o ABSOLUTE
    ..\Drivers\STM32F1xx_HAL_Driver\Src\stm32f1xx_hal_flash_ex.c 0x00000000   Number         0  stm32f1xx_hal_flash_ex.o ABSOLUTE
    ..\Drivers\STM32F1xx_HAL_Driver\Src\stm32f1xx_hal_gpio.c 0x00000000   Number         0  stm32f1xx_hal_gpio.o ABSOLUTE
    ..\Drivers\STM32F1xx_HAL_Driver\Src\stm32f1xx_hal_gpio_ex.c 0x00000000   Number         0  stm32f1xx_hal_gpio_ex.o ABSOLUTE
    ..\Drivers\STM32F1xx_HAL_Driver\Src\stm32f1xx_hal_iwdg.c 0x00000000   Number         0  stm32f1xx_hal_iwdg.o ABSOLUTE
    ..\Drivers\STM32F1xx_HAL_Driver\Src\stm32f1xx_hal_pwr.c 0x00000000   Number         0  stm32f1xx_hal_pwr.o ABSOLUTE
    ..\Drivers\STM32F1xx_HAL_Driver\Src\stm32f1xx_hal_rcc.c 0x00000000   Number         0  stm32f1xx_hal_rcc.o ABSOLUTE
    ..\Drivers\STM32F1xx_HAL_Driver\Src\stm32f1xx_hal_rcc_ex.c 0x00000000   Number         0  stm32f1xx_hal_rcc_ex.o ABSOLUTE
    ..\Drivers\STM32F1xx_HAL_Driver\Src\stm32f1xx_hal_tim.c 0x00000000   Number         0  stm32f1xx_hal_tim.o ABSOLUTE
    ..\Drivers\STM32F1xx_HAL_Driver\Src\stm32f1xx_hal_tim_ex.c 0x00000000   Number         0  stm32f1xx_hal_tim_ex.o ABSOLUTE
    ..\Drivers\STM32F1xx_HAL_Driver\Src\stm32f1xx_hal_uart.c 0x00000000   Number         0  stm32f1xx_hal_uart.o ABSOLUTE
    ..\Gizwits\gizwits_product.c             0x00000000   Number         0  gizwits_product.o ABSOLUTE
    ..\Gizwits\gizwits_protocol.c            0x00000000   Number         0  gizwits_protocol.o ABSOLUTE
    ..\HARDWARE\KEY\key.c                    0x00000000   Number         0  key.o ABSOLUTE
    ..\HARDWARE\OLED\OLED_NEW.C              0x00000000   Number         0  oled_new.o ABSOLUTE
    ..\Hal\hal_flash.c                       0x00000000   Number         0  hal_flash.o ABSOLUTE
    ..\Hal\hal_key.c                         0x00000000   Number         0  hal_key.o ABSOLUTE
    ..\Src\gpio.c                            0x00000000   Number         0  gpio.o ABSOLUTE
    ..\Src\iwdg.c                            0x00000000   Number         0  iwdg.o ABSOLUTE
    ..\Src\main.c                            0x00000000   Number         0  main.o ABSOLUTE
    ..\Src\stm32f1xx_hal_msp.c               0x00000000   Number         0  stm32f1xx_hal_msp.o ABSOLUTE
    ..\Src\stm32f1xx_it.c                    0x00000000   Number         0  stm32f1xx_it.o ABSOLUTE
    ..\Src\system_stm32f1xx.c                0x00000000   Number         0  system_stm32f1xx.o ABSOLUTE
    ..\Src\tim.c                             0x00000000   Number         0  tim.o ABSOLUTE
    ..\Src\usart.c                           0x00000000   Number         0  usart.o ABSOLUTE
    ..\Utils\common.c                        0x00000000   Number         0  common.o ABSOLUTE
    ..\Utils\dataPointTools.c                0x00000000   Number         0  datapointtools.o ABSOLUTE
    ..\Utils\gagent_md5.c                    0x00000000   Number         0  gagent_md5.o ABSOLUTE
    ..\Utils\ringbuffer.c                    0x00000000   Number         0  ringbuffer.o ABSOLUTE
    ..\\Gizwits\\gizwits_product.c           0x00000000   Number         0  gizwits_product.o ABSOLUTE
    ..\\Gizwits\\gizwits_protocol.c          0x00000000   Number         0  gizwits_protocol.o ABSOLUTE
    ..\\HARDWARE\\KEY\\key.c                 0x00000000   Number         0  key.o ABSOLUTE
    ..\\HARDWARE\\OLED\\OLED_NEW.C           0x00000000   Number         0  oled_new.o ABSOLUTE
    ..\\Hal\\hal_flash.c                     0x00000000   Number         0  hal_flash.o ABSOLUTE
    ..\\Hal\\hal_key.c                       0x00000000   Number         0  hal_key.o ABSOLUTE
    cdrcmple.s                               0x00000000   Number         0  cdrcmple.o ABSOLUTE
    dc.s                                     0x00000000   Number         0  dc.o ABSOLUTE
    handlers.s                               0x00000000   Number         0  handlers.o ABSOLUTE
    init.s                                   0x00000000   Number         0  init.o ABSOLUTE
    startup_stm32f103xb.s                    0x00000000   Number         0  startup_stm32f103xb.o ABSOLUTE
    RESET                                    0x08000000   Section      236  startup_stm32f103xb.o(RESET)
    .ARM.Collect$$$$00000000                 0x080000ec   Section        0  entry.o(.ARM.Collect$$$$00000000)
    .ARM.Collect$$$$00000001                 0x080000ec   Section        4  entry2.o(.ARM.Collect$$$$00000001)
    .ARM.Collect$$$$00000004                 0x080000f0   Section        4  entry5.o(.ARM.Collect$$$$00000004)
    .ARM.Collect$$$$00000008                 0x080000f4   Section        0  entry7b.o(.ARM.Collect$$$$00000008)
    .ARM.Collect$$$$0000000A                 0x080000f4   Section        0  entry8b.o(.ARM.Collect$$$$0000000A)
    .ARM.Collect$$$$0000000B                 0x080000f4   Section        8  entry9a.o(.ARM.Collect$$$$0000000B)
    .ARM.Collect$$$$0000000D                 0x080000fc   Section        0  entry10a.o(.ARM.Collect$$$$0000000D)
    .ARM.Collect$$$$0000000F                 0x080000fc   Section        0  entry11a.o(.ARM.Collect$$$$0000000F)
    .ARM.Collect$$$$00002712                 0x080000fc   Section        4  entry2.o(.ARM.Collect$$$$00002712)
    __lit__00000000                          0x080000fc   Data           4  entry2.o(.ARM.Collect$$$$00002712)
    .text                                    0x08000100   Section       36  startup_stm32f103xb.o(.text)
    .text                                    0x08000124   Section        0  memcpya.o(.text)
    .text                                    0x08000148   Section        0  memseta.o(.text)
    .text                                    0x0800016c   Section        0  __0sscanf.o(.text)
    .text                                    0x080001a4   Section        0  _scanf_int.o(.text)
    .text                                    0x080002f0   Section        0  uidiv.o(.text)
    .text                                    0x0800031c   Section        0  _chval.o(.text)
    .text                                    0x08000338   Section        0  scanf_char.o(.text)
    _scanf_char_input                        0x08000339   Thumb Code    12  scanf_char.o(.text)
    .text                                    0x08000360   Section        0  _sgetc.o(.text)
    .text                                    0x080003a0   Section       36  init.o(.text)
    .text                                    0x080003c4   Section        0  isspace_c.o(.text)
    .text                                    0x080003d0   Section        0  _scanf.o(.text)
    .text                                    0x080006fc   Section        0  ctype_c.o(.text)
    i.BusFault_Handler                       0x08000724   Section        0  stm32f1xx_it.o(i.BusFault_Handler)
    i.DebugMon_Handler                       0x08000726   Section        0  stm32f1xx_it.o(i.DebugMon_Handler)
    i.Display                                0x08000728   Section        0  main.o(i.Display)
    i.Error_Handler                          0x0800089c   Section        0  main.o(i.Error_Handler)
    i.HAL_DMA_Abort                          0x0800089e   Section        0  stm32f1xx_hal_dma.o(i.HAL_DMA_Abort)
    i.HAL_DMA_Abort_IT                       0x080008e8   Section        0  stm32f1xx_hal_dma.o(i.HAL_DMA_Abort_IT)
    i.HAL_Delay                              0x0800098c   Section        0  stm32f1xx_hal.o(i.HAL_Delay)
    i.HAL_GPIO_Init                          0x080009b4   Section        0  stm32f1xx_hal_gpio.o(i.HAL_GPIO_Init)
    i.HAL_GPIO_ReadPin                       0x08000bb0   Section        0  stm32f1xx_hal_gpio.o(i.HAL_GPIO_ReadPin)
    i.HAL_GPIO_WritePin                      0x08000bbe   Section        0  stm32f1xx_hal_gpio.o(i.HAL_GPIO_WritePin)
    i.HAL_GetTick                            0x08000bcc   Section        0  stm32f1xx_hal.o(i.HAL_GetTick)
    i.HAL_IWDG_Init                          0x08000bd8   Section        0  stm32f1xx_hal_iwdg.o(i.HAL_IWDG_Init)
    i.HAL_IWDG_Refresh                       0x08000c42   Section        0  stm32f1xx_hal_iwdg.o(i.HAL_IWDG_Refresh)
    i.HAL_IncTick                            0x08000c50   Section        0  stm32f1xx_hal.o(i.HAL_IncTick)
    i.HAL_Init                               0x08000c60   Section        0  stm32f1xx_hal.o(i.HAL_Init)
    i.HAL_InitTick                           0x08000c84   Section        0  stm32f1xx_hal.o(i.HAL_InitTick)
    i.HAL_MspInit                            0x08000cc8   Section        0  stm32f1xx_hal_msp.o(i.HAL_MspInit)
    i.HAL_NVIC_EnableIRQ                     0x08000d04   Section        0  stm32f1xx_hal_cortex.o(i.HAL_NVIC_EnableIRQ)
    i.HAL_NVIC_SetPriority                   0x08000d20   Section        0  stm32f1xx_hal_cortex.o(i.HAL_NVIC_SetPriority)
    i.HAL_NVIC_SetPriorityGrouping           0x08000d88   Section        0  stm32f1xx_hal_cortex.o(i.HAL_NVIC_SetPriorityGrouping)
    i.HAL_NVIC_SystemReset                   0x08000dac   Section        0  stm32f1xx_hal_cortex.o(i.HAL_NVIC_SystemReset)
    i.HAL_RCC_ClockConfig                    0x08000dd0   Section        0  stm32f1xx_hal_rcc.o(i.HAL_RCC_ClockConfig)
    i.HAL_RCC_GetHCLKFreq                    0x08000f50   Section        0  stm32f1xx_hal_rcc.o(i.HAL_RCC_GetHCLKFreq)
    i.HAL_RCC_GetPCLK1Freq                   0x08000f5c   Section        0  stm32f1xx_hal_rcc.o(i.HAL_RCC_GetPCLK1Freq)
    i.HAL_RCC_GetPCLK2Freq                   0x08000f7c   Section        0  stm32f1xx_hal_rcc.o(i.HAL_RCC_GetPCLK2Freq)
    i.HAL_RCC_GetSysClockFreq                0x08000f9c   Section        0  stm32f1xx_hal_rcc.o(i.HAL_RCC_GetSysClockFreq)
    i.HAL_RCC_OscConfig                      0x08000fec   Section        0  stm32f1xx_hal_rcc.o(i.HAL_RCC_OscConfig)
    i.HAL_SYSTICK_Config                     0x08001418   Section        0  stm32f1xx_hal_cortex.o(i.HAL_SYSTICK_Config)
    i.HAL_TIMEx_BreakCallback                0x08001440   Section        0  stm32f1xx_hal_tim_ex.o(i.HAL_TIMEx_BreakCallback)
    i.HAL_TIMEx_CommutCallback               0x08001442   Section        0  stm32f1xx_hal_tim_ex.o(i.HAL_TIMEx_CommutCallback)
    i.HAL_TIMEx_MasterConfigSynchronization  0x08001444   Section        0  stm32f1xx_hal_tim_ex.o(i.HAL_TIMEx_MasterConfigSynchronization)
    i.HAL_TIM_Base_Init                      0x080014b6   Section        0  stm32f1xx_hal_tim.o(i.HAL_TIM_Base_Init)
    i.HAL_TIM_Base_MspInit                   0x08001514   Section        0  tim.o(i.HAL_TIM_Base_MspInit)
    i.HAL_TIM_Base_Start_IT                  0x08001564   Section        0  stm32f1xx_hal_tim.o(i.HAL_TIM_Base_Start_IT)
    i.HAL_TIM_ConfigClockSource              0x080015c6   Section        0  stm32f1xx_hal_tim.o(i.HAL_TIM_ConfigClockSource)
    i.HAL_TIM_IC_CaptureCallback             0x080016b0   Section        0  stm32f1xx_hal_tim.o(i.HAL_TIM_IC_CaptureCallback)
    i.HAL_TIM_IRQHandler                     0x080016b2   Section        0  stm32f1xx_hal_tim.o(i.HAL_TIM_IRQHandler)
    i.HAL_TIM_OC_DelayElapsedCallback        0x0800180e   Section        0  stm32f1xx_hal_tim.o(i.HAL_TIM_OC_DelayElapsedCallback)
    i.HAL_TIM_PWM_PulseFinishedCallback      0x08001810   Section        0  stm32f1xx_hal_tim.o(i.HAL_TIM_PWM_PulseFinishedCallback)
    i.HAL_TIM_PeriodElapsedCallback          0x08001814   Section        0  main.o(i.HAL_TIM_PeriodElapsedCallback)
    i.HAL_TIM_TriggerCallback                0x08001874   Section        0  stm32f1xx_hal_tim.o(i.HAL_TIM_TriggerCallback)
    i.HAL_UARTEx_RxEventCallback             0x08001876   Section        0  stm32f1xx_hal_uart.o(i.HAL_UARTEx_RxEventCallback)
    i.HAL_UART_ErrorCallback                 0x08001878   Section        0  stm32f1xx_hal_uart.o(i.HAL_UART_ErrorCallback)
    i.HAL_UART_IRQHandler                    0x0800187c   Section        0  stm32f1xx_hal_uart.o(i.HAL_UART_IRQHandler)
    i.HAL_UART_Init                          0x08001ae4   Section        0  stm32f1xx_hal_uart.o(i.HAL_UART_Init)
    i.HAL_UART_MspInit                       0x08001b4c   Section        0  usart.o(i.HAL_UART_MspInit)
    i.HAL_UART_Receive_IT                    0x08001c5c   Section        0  stm32f1xx_hal_uart.o(i.HAL_UART_Receive_IT)
    i.HAL_UART_RxCpltCallback                0x08001c78   Section        0  gizwits_product.o(i.HAL_UART_RxCpltCallback)
    i.HAL_UART_Transmit                      0x08001ca8   Section        0  stm32f1xx_hal_uart.o(i.HAL_UART_Transmit)
    i.HAL_UART_Transmit_IT                   0x08001d60   Section        0  stm32f1xx_hal_uart.o(i.HAL_UART_Transmit_IT)
    i.HAL_UART_TxCpltCallback                0x08001d92   Section        0  stm32f1xx_hal_uart.o(i.HAL_UART_TxCpltCallback)
    i.HardFault_Handler                      0x08001d94   Section        0  stm32f1xx_it.o(i.HardFault_Handler)
    i.KEY_Scan                               0x08001d98   Section        0  key.o(i.KEY_Scan)
    i.MX_GPIO_Init                           0x08001e74   Section        0  gpio.o(i.MX_GPIO_Init)
    i.MX_IWDG_Init                           0x08001ef8   Section        0  iwdg.o(i.MX_IWDG_Init)
    i.MX_TIM2_Init                           0x08001f24   Section        0  tim.o(i.MX_TIM2_Init)
    i.MX_TIM4_Init                           0x08001f88   Section        0  tim.o(i.MX_TIM4_Init)
    i.MX_USART1_UART_Init                    0x08001ff0   Section        0  usart.o(i.MX_USART1_UART_Init)
    i.MX_USART2_UART_Init                    0x08002028   Section        0  usart.o(i.MX_USART2_UART_Init)
    i.MX_USART3_UART_Init                    0x08002060   Section        0  usart.o(i.MX_USART3_UART_Init)
    i.MemManage_Handler                      0x080020a4   Section        0  stm32f1xx_it.o(i.MemManage_Handler)
    i.Modbus_Event                           0x080020a8   Section        0  main.o(i.Modbus_Event)
    i.NMI_Handler                            0x08002184   Section        0  stm32f1xx_it.o(i.NMI_Handler)
    i.OLED_Clear                             0x08002186   Section        0  oled_new.o(i.OLED_Clear)
    i.OLED_IIC_Start                         0x080021bc   Section        0  oled_new.o(i.OLED_IIC_Start)
    i.OLED_IIC_Stop                          0x08002208   Section        0  oled_new.o(i.OLED_IIC_Stop)
    i.OLED_Init                              0x08002244   Section        0  oled_new.o(i.OLED_Init)
    i.OLED_Set_Pos                           0x080022fa   Section        0  oled_new.o(i.OLED_Set_Pos)
    i.OLED_Write_IIC_Byte                    0x08002320   Section        0  oled_new.o(i.OLED_Write_IIC_Byte)
    i.OLED_write_iic_com                     0x080023b4   Section        0  oled_new.o(i.OLED_write_iic_com)
    i.OLED_write_iic_dat                     0x080023d6   Section        0  oled_new.o(i.OLED_write_iic_dat)
    i.Oled_ShowCHinese                       0x080023f8   Section        0  oled_new.o(i.Oled_ShowCHinese)
    i.Oled_ShowChar                          0x0800247c   Section        0  oled_new.o(i.Oled_ShowChar)
    i.Oled_ShowString                        0x080024c8   Section        0  oled_new.o(i.Oled_ShowString)
    i.PendSV_Handler                         0x080024f8   Section        0  stm32f1xx_it.o(i.PendSV_Handler)
    i.RCC_Delay                              0x080024fc   Section        0  stm32f1xx_hal_rcc.o(i.RCC_Delay)
    RCC_Delay                                0x080024fd   Thumb Code    32  stm32f1xx_hal_rcc.o(i.RCC_Delay)
    i.SVC_Handler                            0x08002520   Section        0  stm32f1xx_it.o(i.SVC_Handler)
    i.SysTick_Handler                        0x08002522   Section        0  stm32f1xx_it.o(i.SysTick_Handler)
    i.SystemClock_Config                     0x08002526   Section        0  main.o(i.SystemClock_Config)
    i.SystemInit                             0x08002588   Section        0  system_stm32f1xx.o(i.SystemInit)
    i.TIM2_IRQHandler                        0x080025d0   Section        0  stm32f1xx_it.o(i.TIM2_IRQHandler)
    i.TIM4_IRQHandler                        0x080025dc   Section        0  stm32f1xx_it.o(i.TIM4_IRQHandler)
    i.TIM_Base_SetConfig                     0x080025e8   Section        0  stm32f1xx_hal_tim.o(i.TIM_Base_SetConfig)
    i.TIM_ETR_SetConfig                      0x08002670   Section        0  stm32f1xx_hal_tim.o(i.TIM_ETR_SetConfig)
    i.TIM_ITRx_SetConfig                     0x08002686   Section        0  stm32f1xx_hal_tim.o(i.TIM_ITRx_SetConfig)
    TIM_ITRx_SetConfig                       0x08002687   Thumb Code    16  stm32f1xx_hal_tim.o(i.TIM_ITRx_SetConfig)
    i.TIM_TI1_ConfigInputStage               0x08002696   Section        0  stm32f1xx_hal_tim.o(i.TIM_TI1_ConfigInputStage)
    TIM_TI1_ConfigInputStage                 0x08002697   Thumb Code    38  stm32f1xx_hal_tim.o(i.TIM_TI1_ConfigInputStage)
    i.TIM_TI2_ConfigInputStage               0x080026bc   Section        0  stm32f1xx_hal_tim.o(i.TIM_TI2_ConfigInputStage)
    TIM_TI2_ConfigInputStage                 0x080026bd   Thumb Code    40  stm32f1xx_hal_tim.o(i.TIM_TI2_ConfigInputStage)
    i.UART_DMAAbortOnError                   0x080026e4   Section        0  stm32f1xx_hal_uart.o(i.UART_DMAAbortOnError)
    UART_DMAAbortOnError                     0x080026e5   Thumb Code    16  stm32f1xx_hal_uart.o(i.UART_DMAAbortOnError)
    i.UART_EndRxTransfer                     0x080026f4   Section        0  stm32f1xx_hal_uart.o(i.UART_EndRxTransfer)
    UART_EndRxTransfer                       0x080026f5   Thumb Code    78  stm32f1xx_hal_uart.o(i.UART_EndRxTransfer)
    i.UART_EndTransmit_IT                    0x08002742   Section        0  stm32f1xx_hal_uart.o(i.UART_EndTransmit_IT)
    UART_EndTransmit_IT                      0x08002743   Thumb Code    26  stm32f1xx_hal_uart.o(i.UART_EndTransmit_IT)
    i.UART_Receive_IT                        0x0800275c   Section        0  stm32f1xx_hal_uart.o(i.UART_Receive_IT)
    UART_Receive_IT                          0x0800275d   Thumb Code   202  stm32f1xx_hal_uart.o(i.UART_Receive_IT)
    i.UART_SetConfig                         0x08002828   Section        0  stm32f1xx_hal_uart.o(i.UART_SetConfig)
    UART_SetConfig                           0x08002829   Thumb Code   194  stm32f1xx_hal_uart.o(i.UART_SetConfig)
    i.UART_Start_Receive_IT                  0x080028f0   Section        0  stm32f1xx_hal_uart.o(i.UART_Start_Receive_IT)
    i.UART_Transmit_IT                       0x08002928   Section        0  stm32f1xx_hal_uart.o(i.UART_Transmit_IT)
    UART_Transmit_IT                         0x08002929   Thumb Code    94  stm32f1xx_hal_uart.o(i.UART_Transmit_IT)
    i.UART_WaitOnFlagUntilTimeout            0x08002986   Section        0  stm32f1xx_hal_uart.o(i.UART_WaitOnFlagUntilTimeout)
    UART_WaitOnFlagUntilTimeout              0x08002987   Thumb Code   142  stm32f1xx_hal_uart.o(i.UART_WaitOnFlagUntilTimeout)
    i.USART2_IRQHandler                      0x08002a14   Section        0  stm32f1xx_it.o(i.USART2_IRQHandler)
    i.USART3_IRQHandler                      0x08002a20   Section        0  stm32f1xx_it.o(i.USART3_IRQHandler)
    i.UsageFault_Handler                     0x08002a6c   Section        0  stm32f1xx_it.o(i.UsageFault_Handler)
    i.__0printf$6                            0x08002a70   Section        0  printf6.o(i.__0printf$6)
    i.__0sprintf$6                           0x08002a90   Section        0  printf6.o(i.__0sprintf$6)
    i.__scatterload_copy                     0x08002ab8   Section       14  handlers.o(i.__scatterload_copy)
    i.__scatterload_null                     0x08002ac6   Section        2  handlers.o(i.__scatterload_null)
    i.__scatterload_zeroinit                 0x08002ac8   Section       14  handlers.o(i.__scatterload_zeroinit)
    i._printf_core                           0x08002ad8   Section        0  printf6.o(i._printf_core)
    _printf_core                             0x08002ad9   Thumb Code   748  printf6.o(i._printf_core)
    i._printf_post_padding                   0x08002dc8   Section        0  printf6.o(i._printf_post_padding)
    _printf_post_padding                     0x08002dc9   Thumb Code    36  printf6.o(i._printf_post_padding)
    i._printf_pre_padding                    0x08002dec   Section        0  printf6.o(i._printf_pre_padding)
    _printf_pre_padding                      0x08002ded   Thumb Code    46  printf6.o(i._printf_pre_padding)
    i._sputc                                 0x08002e1a   Section        0  printf6.o(i._sputc)
    _sputc                                   0x08002e1b   Thumb Code    10  printf6.o(i._sputc)
    i.exchangeBytes                          0x08002e24   Section        0  common.o(i.exchangeBytes)
    i.exchangeWord                           0x08002e44   Section        0  common.o(i.exchangeWord)
    i.fputc                                  0x08002e48   Section        0  gizwits_product.o(i.fputc)
    i.free                                   0x08002e60   Section        0  malloc.o(i.free)
    i.gizCheckReport                         0x08002eb0   Section        0  gizwits_protocol.o(i.gizCheckReport)
    gizCheckReport                           0x08002eb1   Thumb Code   244  gizwits_protocol.o(i.gizCheckReport)
    i.gizDataPoints2ReportData               0x08002fac   Section        0  gizwits_protocol.o(i.gizDataPoints2ReportData)
    gizDataPoints2ReportData                 0x08002fad   Thumb Code   294  gizwits_protocol.o(i.gizDataPoints2ReportData)
    i.gizDevReportPolicy                     0x080030d8   Section        0  gizwits_protocol.o(i.gizDevReportPolicy)
    gizDevReportPolicy                       0x080030d9   Thumb Code   154  gizwits_protocol.o(i.gizDevReportPolicy)
    i.gizGetTimerCount                       0x08003184   Section        0  gizwits_product.o(i.gizGetTimerCount)
    i.gizProtocolAckHandle                   0x08003190   Section        0  gizwits_protocol.o(i.gizProtocolAckHandle)
    gizProtocolAckHandle                     0x08003191   Thumb Code    86  gizwits_protocol.o(i.gizProtocolAckHandle)
    i.gizProtocolCommonAck                   0x080031f0   Section        0  gizwits_protocol.o(i.gizProtocolCommonAck)
    gizProtocolCommonAck                     0x080031f1   Thumb Code    60  gizwits_protocol.o(i.gizProtocolCommonAck)
    i.gizProtocolErrorCmd                    0x0800322c   Section        0  gizwits_protocol.o(i.gizProtocolErrorCmd)
    gizProtocolErrorCmd                      0x0800322d   Thumb Code    68  gizwits_protocol.o(i.gizProtocolErrorCmd)
    i.gizProtocolGetDeviceInfo               0x08003270   Section        0  gizwits_protocol.o(i.gizProtocolGetDeviceInfo)
    gizProtocolGetDeviceInfo                 0x08003271   Thumb Code   160  gizwits_protocol.o(i.gizProtocolGetDeviceInfo)
    i.gizProtocolGetOnePacket                0x08003388   Section        0  gizwits_protocol.o(i.gizProtocolGetOnePacket)
    gizProtocolGetOnePacket                  0x08003389   Thumb Code   288  gizwits_protocol.o(i.gizProtocolGetOnePacket)
    i.gizProtocolHeadInit                    0x080034ac   Section        0  gizwits_protocol.o(i.gizProtocolHeadInit)
    gizProtocolHeadInit                      0x080034ad   Thumb Code    24  gizwits_protocol.o(i.gizProtocolHeadInit)
    i.gizProtocolIssuedDataAck               0x080034c4   Section        0  gizwits_protocol.o(i.gizProtocolIssuedDataAck)
    gizProtocolIssuedDataAck                 0x080034c5   Thumb Code   176  gizwits_protocol.o(i.gizProtocolIssuedDataAck)
    i.gizProtocolIssuedProcess               0x08003574   Section        0  gizwits_protocol.o(i.gizProtocolIssuedProcess)
    gizProtocolIssuedProcess                 0x08003575   Thumb Code   170  gizwits_protocol.o(i.gizProtocolIssuedProcess)
    i.gizProtocolModuleStatus                0x0800362c   Section        0  gizwits_protocol.o(i.gizProtocolModuleStatus)
    gizProtocolModuleStatus                  0x0800362d   Thumb Code   410  gizwits_protocol.o(i.gizProtocolModuleStatus)
    i.gizProtocolNTP                         0x080037d0   Section        0  gizwits_protocol.o(i.gizProtocolNTP)
    gizProtocolNTP                           0x080037d1   Thumb Code    88  gizwits_protocol.o(i.gizProtocolNTP)
    i.gizProtocolSum                         0x08003830   Section        0  common.o(i.gizProtocolSum)
    i.gizProtocolWaitAck                     0x08003854   Section        0  gizwits_protocol.o(i.gizProtocolWaitAck)
    gizProtocolWaitAck                       0x08003855   Thumb Code    60  gizwits_protocol.o(i.gizProtocolWaitAck)
    i.gizProtocolWaitAckCheck                0x08003898   Section        0  gizwits_protocol.o(i.gizProtocolWaitAckCheck)
    gizProtocolWaitAckCheck                  0x08003899   Thumb Code    38  gizwits_protocol.o(i.gizProtocolWaitAckCheck)
    i.gizPutData                             0x080038c4   Section        0  gizwits_protocol.o(i.gizPutData)
    i.gizReportData                          0x080038e4   Section        0  gizwits_protocol.o(i.gizReportData)
    gizReportData                            0x080038e5   Thumb Code   132  gizwits_protocol.o(i.gizReportData)
    i.gizTimerMs                             0x0800396c   Section        0  gizwits_product.o(i.gizTimerMs)
    i.gizY2X                                 0x0800397c   Section        0  datapointtools.o(i.gizY2X)
    i.gizwitsEventProcess                    0x08003984   Section        0  gizwits_product.o(i.gizwitsEventProcess)
    i.gizwitsHandle                          0x080039a0   Section        0  gizwits_protocol.o(i.gizwitsHandle)
    i.gizwitsInit                            0x08003b78   Section        0  gizwits_protocol.o(i.gizwitsInit)
    i.gizwitsSetMode                         0x08003ba4   Section        0  gizwits_protocol.o(i.gizwitsSetMode)
    i.keyEventProcess                        0x08003c6c   Section        0  hal_key.o(i.keyEventProcess)
    i.keyHandle                              0x08003cdc   Section        0  hal_key.o(i.keyHandle)
    i.main                                   0x08003cf8   Section        0  main.o(i.main)
    i.mcuRestart                             0x08003dc4   Section        0  gizwits_product.o(i.mcuRestart)
    i.rbCanRead                              0x08003dce   Section        0  ringbuffer.o(i.rbCanRead)
    i.rbCanWrite                             0x08003e00   Section        0  ringbuffer.o(i.rbCanWrite)
    i.rbCapacity                             0x08003e1c   Section        0  ringbuffer.o(i.rbCapacity)
    i.rbCreate                               0x08003e28   Section        0  ringbuffer.o(i.rbCreate)
    i.rbRead                                 0x08003e3a   Section        0  ringbuffer.o(i.rbRead)
    i.rbReadIndicator                        0x08003ec6   Section        0  ringbuffer.o(i.rbReadIndicator)
    i.rbWrite                                0x08003ede   Section        0  ringbuffer.o(i.rbWrite)
    i.rbWriteIndicator                       0x08003f86   Section        0  ringbuffer.o(i.rbWriteIndicator)
    i.readKeyStatus                          0x08003f9e   Section        0  hal_key.o(i.readKeyStatus)
    readKeyStatus                            0x08003f9f   Thumb Code   208  hal_key.o(i.readKeyStatus)
    i.timerInit                              0x08004070   Section        0  gizwits_product.o(i.timerInit)
    i.uartInit                               0x0800407c   Section        0  gizwits_product.o(i.uartInit)
    i.uartWrite                              0x08004090   Section        0  gizwits_product.o(i.uartWrite)
    i.userHandle                             0x080040f8   Section        0  gizwits_product.o(i.userHandle)
    i.userInit                               0x080040fc   Section        0  gizwits_product.o(i.userInit)
    .constdata                               0x08004108   Section       16  system_stm32f1xx.o(.constdata)
    .constdata                               0x08004118   Section        8  system_stm32f1xx.o(.constdata)
    .constdata                               0x08004120   Section       18  stm32f1xx_hal_rcc.o(.constdata)
    aPredivFactorTable                       0x08004120   Data           2  stm32f1xx_hal_rcc.o(.constdata)
    aPLLMULFactorTable                       0x08004122   Data          16  stm32f1xx_hal_rcc.o(.constdata)
    .constdata                               0x08004132   Section     5128  oled_new.o(.constdata)
    .constdata                               0x0800553a   Section       64  ctype_c.o(.constdata)
    .data                                    0x20000000   Section       28  main.o(.data)
    .data                                    0x2000001c   Section        1  usart.o(.data)
    .data                                    0x20000020   Section        8  gizwits_product.o(.data)
    timerMsCount                             0x20000024   Data           4  gizwits_product.o(.data)
    .data                                    0x20000028   Section       16  gizwits_protocol.o(.data)
    protocolFlag                             0x20000028   Data           1  gizwits_protocol.o(.data)
    lastData                                 0x20000029   Data           1  gizwits_protocol.o(.data)
    debugCount                               0x2000002a   Data           1  gizwits_protocol.o(.data)
    protocolCount                            0x2000002c   Data           2  gizwits_protocol.o(.data)
    lastStatus                               0x2000002e   Data           2  gizwits_protocol.o(.data)
    lastReportTime                           0x20000030   Data           4  gizwits_protocol.o(.data)
    lastRepTime                              0x20000034   Data           4  gizwits_protocol.o(.data)
    .data                                    0x20000038   Section        2  hal_key.o(.data)
    .data                                    0x2000003c   Section        4  system_stm32f1xx.o(.data)
    .data                                    0x20000040   Section       12  stm32f1xx_hal.o(.data)
    .data                                    0x2000004c   Section        1  key.o(.data)
    key_up                                   0x2000004c   Data           1  key.o(.data)
    .data                                    0x20000050   Section        4  stdout.o(.data)
    .data                                    0x20000054   Section        4  mvars.o(.data)
    .bss                                     0x20000058   Section      628  main.o(.bss)
    .bss                                     0x200002cc   Section       12  iwdg.o(.bss)
    .bss                                     0x200002d8   Section      144  tim.o(.bss)
    .bss                                     0x20000368   Section      216  usart.o(.bss)
    .bss                                     0x20000440   Section       24  gizwits_product.o(.bss)
    .bss                                     0x20000458   Section     1666  gizwits_protocol.o(.bss)
    rbBuf                                    0x200008a8   Data         562  gizwits_protocol.o(.bss)
    .bss                                     0x20000ada   Section       90  hal_key.o(.bss)
    STACK                                    0x20000b38   Section     8192  startup_stm32f103xb.o(STACK)

    Global Symbols

    Symbol Name                              Value     Ov Type        Size  Object(Section)

    BuildAttributes$$THM_ISAv4$P$D$K$B$S$PE$A:L22UL41UL21$X:L11$S22US41US21$IEEE1$IW$USESV6$~STKCKD$USESV7$~SHL$OTIME$ROPI$EBA8$MICROLIB$REQ8$PRES8$EABIv2 0x00000000   Number         0  anon$$obj.o ABSOLUTE
    __ARM_use_no_argv                        0x00000000   Number         0  main.o ABSOLUTE
    _printf_a                                0x00000000   Number         0  stubs.o ABSOLUTE
    _printf_c                                0x00000000   Number         0  stubs.o ABSOLUTE
    _printf_charcount                        0x00000000   Number         0  stubs.o ABSOLUTE
    _printf_d                                0x00000000   Number         0  stubs.o ABSOLUTE
    _printf_e                                0x00000000   Number         0  stubs.o ABSOLUTE
    _printf_f                                0x00000000   Number         0  stubs.o ABSOLUTE
    _printf_flags                            0x00000000   Number         0  stubs.o ABSOLUTE
    _printf_fp_dec                           0x00000000   Number         0  stubs.o ABSOLUTE
    _printf_fp_hex                           0x00000000   Number         0  stubs.o ABSOLUTE
    _printf_g                                0x00000000   Number         0  stubs.o ABSOLUTE
    _printf_i                                0x00000000   Number         0  stubs.o ABSOLUTE
    _printf_int_dec                          0x00000000   Number         0  stubs.o ABSOLUTE
    _printf_l                                0x00000000   Number         0  stubs.o ABSOLUTE
    _printf_lc                               0x00000000   Number         0  stubs.o ABSOLUTE
    _printf_ll                               0x00000000   Number         0  stubs.o ABSOLUTE
    _printf_lld                              0x00000000   Number         0  stubs.o ABSOLUTE
    _printf_lli                              0x00000000   Number         0  stubs.o ABSOLUTE
    _printf_llo                              0x00000000   Number         0  stubs.o ABSOLUTE
    _printf_llu                              0x00000000   Number         0  stubs.o ABSOLUTE
    _printf_llx                              0x00000000   Number         0  stubs.o ABSOLUTE
    _printf_longlong_dec                     0x00000000   Number         0  stubs.o ABSOLUTE
    _printf_longlong_hex                     0x00000000   Number         0  stubs.o ABSOLUTE
    _printf_longlong_oct                     0x00000000   Number         0  stubs.o ABSOLUTE
    _printf_ls                               0x00000000   Number         0  stubs.o ABSOLUTE
    _printf_mbtowc                           0x00000000   Number         0  stubs.o ABSOLUTE
    _printf_n                                0x00000000   Number         0  stubs.o ABSOLUTE
    _printf_o                                0x00000000   Number         0  stubs.o ABSOLUTE
    _printf_p                                0x00000000   Number         0  stubs.o ABSOLUTE
    _printf_percent                          0x00000000   Number         0  stubs.o ABSOLUTE
    _printf_pre_padding                      0x00000000   Number         0  stubs.o ABSOLUTE
    _printf_return_value                     0x00000000   Number         0  stubs.o ABSOLUTE
    _printf_s                                0x00000000   Number         0  stubs.o ABSOLUTE
    _printf_sizespec                         0x00000000   Number         0  stubs.o ABSOLUTE
    _printf_str                              0x00000000   Number         0  stubs.o ABSOLUTE
    _printf_truncate_signed                  0x00000000   Number         0  stubs.o ABSOLUTE
    _printf_truncate_unsigned                0x00000000   Number         0  stubs.o ABSOLUTE
    _printf_u                                0x00000000   Number         0  stubs.o ABSOLUTE
    _printf_wc                               0x00000000   Number         0  stubs.o ABSOLUTE
    _printf_wctomb                           0x00000000   Number         0  stubs.o ABSOLUTE
    _printf_widthprec                        0x00000000   Number         0  stubs.o ABSOLUTE
    _printf_x                                0x00000000   Number         0  stubs.o ABSOLUTE
    __cpp_initialize__aeabi_                  - Undefined Weak Reference
    __cxa_finalize                            - Undefined Weak Reference
    __decompress                              - Undefined Weak Reference
    _clock_init                               - Undefined Weak Reference
    _microlib_exit                            - Undefined Weak Reference
    _scanf_longlong                           - Undefined Weak Reference
    _scanf_real                               - Undefined Weak Reference
    _scanf_string                             - Undefined Weak Reference
    __Vectors_Size                           0x000000ec   Number         0  startup_stm32f103xb.o ABSOLUTE
    __Vectors                                0x08000000   Data           4  startup_stm32f103xb.o(RESET)
    __Vectors_End                            0x080000ec   Data           0  startup_stm32f103xb.o(RESET)
    __main                                   0x080000ed   Thumb Code     0  entry.o(.ARM.Collect$$$$00000000)
    _main_stk                                0x080000ed   Thumb Code     0  entry2.o(.ARM.Collect$$$$00000001)
    _main_scatterload                        0x080000f1   Thumb Code     0  entry5.o(.ARM.Collect$$$$00000004)
    __main_after_scatterload                 0x080000f5   Thumb Code     0  entry5.o(.ARM.Collect$$$$00000004)
    _main_clock                              0x080000f5   Thumb Code     0  entry7b.o(.ARM.Collect$$$$00000008)
    _main_cpp_init                           0x080000f5   Thumb Code     0  entry8b.o(.ARM.Collect$$$$0000000A)
    _main_init                               0x080000f5   Thumb Code     0  entry9a.o(.ARM.Collect$$$$0000000B)
    __rt_final_cpp                           0x080000fd   Thumb Code     0  entry10a.o(.ARM.Collect$$$$0000000D)
    __rt_final_exit                          0x080000fd   Thumb Code     0  entry11a.o(.ARM.Collect$$$$0000000F)
    Reset_Handler                            0x08000101   Thumb Code     8  startup_stm32f103xb.o(.text)
    ADC1_2_IRQHandler                        0x0800011b   Thumb Code     0  startup_stm32f103xb.o(.text)
    CAN1_RX1_IRQHandler                      0x0800011b   Thumb Code     0  startup_stm32f103xb.o(.text)
    CAN1_SCE_IRQHandler                      0x0800011b   Thumb Code     0  startup_stm32f103xb.o(.text)
    DMA1_Channel1_IRQHandler                 0x0800011b   Thumb Code     0  startup_stm32f103xb.o(.text)
    DMA1_Channel2_IRQHandler                 0x0800011b   Thumb Code     0  startup_stm32f103xb.o(.text)
    DMA1_Channel3_IRQHandler                 0x0800011b   Thumb Code     0  startup_stm32f103xb.o(.text)
    DMA1_Channel4_IRQHandler                 0x0800011b   Thumb Code     0  startup_stm32f103xb.o(.text)
    DMA1_Channel5_IRQHandler                 0x0800011b   Thumb Code     0  startup_stm32f103xb.o(.text)
    DMA1_Channel6_IRQHandler                 0x0800011b   Thumb Code     0  startup_stm32f103xb.o(.text)
    DMA1_Channel7_IRQHandler                 0x0800011b   Thumb Code     0  startup_stm32f103xb.o(.text)
    EXTI0_IRQHandler                         0x0800011b   Thumb Code     0  startup_stm32f103xb.o(.text)
    EXTI15_10_IRQHandler                     0x0800011b   Thumb Code     0  startup_stm32f103xb.o(.text)
    EXTI1_IRQHandler                         0x0800011b   Thumb Code     0  startup_stm32f103xb.o(.text)
    EXTI2_IRQHandler                         0x0800011b   Thumb Code     0  startup_stm32f103xb.o(.text)
    EXTI3_IRQHandler                         0x0800011b   Thumb Code     0  startup_stm32f103xb.o(.text)
    EXTI4_IRQHandler                         0x0800011b   Thumb Code     0  startup_stm32f103xb.o(.text)
    EXTI9_5_IRQHandler                       0x0800011b   Thumb Code     0  startup_stm32f103xb.o(.text)
    FLASH_IRQHandler                         0x0800011b   Thumb Code     0  startup_stm32f103xb.o(.text)
    I2C1_ER_IRQHandler                       0x0800011b   Thumb Code     0  startup_stm32f103xb.o(.text)
    I2C1_EV_IRQHandler                       0x0800011b   Thumb Code     0  startup_stm32f103xb.o(.text)
    I2C2_ER_IRQHandler                       0x0800011b   Thumb Code     0  startup_stm32f103xb.o(.text)
    I2C2_EV_IRQHandler                       0x0800011b   Thumb Code     0  startup_stm32f103xb.o(.text)
    PVD_IRQHandler                           0x0800011b   Thumb Code     0  startup_stm32f103xb.o(.text)
    RCC_IRQHandler                           0x0800011b   Thumb Code     0  startup_stm32f103xb.o(.text)
    RTC_Alarm_IRQHandler                     0x0800011b   Thumb Code     0  startup_stm32f103xb.o(.text)
    RTC_IRQHandler                           0x0800011b   Thumb Code     0  startup_stm32f103xb.o(.text)
    SPI1_IRQHandler                          0x0800011b   Thumb Code     0  startup_stm32f103xb.o(.text)
    SPI2_IRQHandler                          0x0800011b   Thumb Code     0  startup_stm32f103xb.o(.text)
    TAMPER_IRQHandler                        0x0800011b   Thumb Code     0  startup_stm32f103xb.o(.text)
    TIM1_BRK_IRQHandler                      0x0800011b   Thumb Code     0  startup_stm32f103xb.o(.text)
    TIM1_CC_IRQHandler                       0x0800011b   Thumb Code     0  startup_stm32f103xb.o(.text)
    TIM1_TRG_COM_IRQHandler                  0x0800011b   Thumb Code     0  startup_stm32f103xb.o(.text)
    TIM1_UP_IRQHandler                       0x0800011b   Thumb Code     0  startup_stm32f103xb.o(.text)
    TIM3_IRQHandler                          0x0800011b   Thumb Code     0  startup_stm32f103xb.o(.text)
    USART1_IRQHandler                        0x0800011b   Thumb Code     0  startup_stm32f103xb.o(.text)
    USBWakeUp_IRQHandler                     0x0800011b   Thumb Code     0  startup_stm32f103xb.o(.text)
    USB_HP_CAN1_TX_IRQHandler                0x0800011b   Thumb Code     0  startup_stm32f103xb.o(.text)
    USB_LP_CAN1_RX0_IRQHandler               0x0800011b   Thumb Code     0  startup_stm32f103xb.o(.text)
    WWDG_IRQHandler                          0x0800011b   Thumb Code     0  startup_stm32f103xb.o(.text)
    __aeabi_memcpy                           0x08000125   Thumb Code    36  memcpya.o(.text)
    __aeabi_memcpy4                          0x08000125   Thumb Code     0  memcpya.o(.text)
    __aeabi_memcpy8                          0x08000125   Thumb Code     0  memcpya.o(.text)
    __aeabi_memset                           0x08000149   Thumb Code    14  memseta.o(.text)
    __aeabi_memset4                          0x08000149   Thumb Code     0  memseta.o(.text)
    __aeabi_memset8                          0x08000149   Thumb Code     0  memseta.o(.text)
    __aeabi_memclr                           0x08000157   Thumb Code     4  memseta.o(.text)
    __aeabi_memclr4                          0x08000157   Thumb Code     0  memseta.o(.text)
    __aeabi_memclr8                          0x08000157   Thumb Code     0  memseta.o(.text)
    _memset$wrapper                          0x0800015b   Thumb Code    18  memseta.o(.text)
    __0sscanf                                0x0800016d   Thumb Code    48  __0sscanf.o(.text)
    _scanf_int                               0x080001a5   Thumb Code   332  _scanf_int.o(.text)
    __aeabi_uidiv                            0x080002f1   Thumb Code     0  uidiv.o(.text)
    __aeabi_uidivmod                         0x080002f1   Thumb Code    44  uidiv.o(.text)
    _chval                                   0x0800031d   Thumb Code    28  _chval.o(.text)
    __vfscanf_char                           0x08000345   Thumb Code    20  scanf_char.o(.text)
    _sgetc                                   0x08000361   Thumb Code    30  _sgetc.o(.text)
    _sbackspace                              0x0800037f   Thumb Code    34  _sgetc.o(.text)
    __scatterload                            0x080003a1   Thumb Code    28  init.o(.text)
    __scatterload_rt2                        0x080003a1   Thumb Code     0  init.o(.text)
    isspace                                  0x080003c5   Thumb Code    10  isspace_c.o(.text)
    __vfscanf                                0x080003d1   Thumb Code   808  _scanf.o(.text)
    __ctype_lookup                           0x080006fd   Thumb Code    34  ctype_c.o(.text)
    BusFault_Handler                         0x08000725   Thumb Code     2  stm32f1xx_it.o(i.BusFault_Handler)
    DebugMon_Handler                         0x08000727   Thumb Code     2  stm32f1xx_it.o(i.DebugMon_Handler)
    Display                                  0x08000729   Thumb Code   244  main.o(i.Display)
    Error_Handler                            0x0800089d   Thumb Code     2  main.o(i.Error_Handler)
    HAL_DMA_Abort                            0x0800089f   Thumb Code    72  stm32f1xx_hal_dma.o(i.HAL_DMA_Abort)
    HAL_DMA_Abort_IT                         0x080008e9   Thumb Code   136  stm32f1xx_hal_dma.o(i.HAL_DMA_Abort_IT)
    HAL_Delay                                0x0800098d   Thumb Code    34  stm32f1xx_hal.o(i.HAL_Delay)
    HAL_GPIO_Init                            0x080009b5   Thumb Code   496  stm32f1xx_hal_gpio.o(i.HAL_GPIO_Init)
    HAL_GPIO_ReadPin                         0x08000bb1   Thumb Code    14  stm32f1xx_hal_gpio.o(i.HAL_GPIO_ReadPin)
    HAL_GPIO_WritePin                        0x08000bbf   Thumb Code    14  stm32f1xx_hal_gpio.o(i.HAL_GPIO_WritePin)
    HAL_GetTick                              0x08000bcd   Thumb Code     6  stm32f1xx_hal.o(i.HAL_GetTick)
    HAL_IWDG_Init                            0x08000bd9   Thumb Code   106  stm32f1xx_hal_iwdg.o(i.HAL_IWDG_Init)
    HAL_IWDG_Refresh                         0x08000c43   Thumb Code    12  stm32f1xx_hal_iwdg.o(i.HAL_IWDG_Refresh)
    HAL_IncTick                              0x08000c51   Thumb Code    12  stm32f1xx_hal.o(i.HAL_IncTick)
    HAL_Init                                 0x08000c61   Thumb Code    32  stm32f1xx_hal.o(i.HAL_Init)
    HAL_InitTick                             0x08000c85   Thumb Code    58  stm32f1xx_hal.o(i.HAL_InitTick)
    HAL_MspInit                              0x08000cc9   Thumb Code    52  stm32f1xx_hal_msp.o(i.HAL_MspInit)
    HAL_NVIC_EnableIRQ                       0x08000d05   Thumb Code    28  stm32f1xx_hal_cortex.o(i.HAL_NVIC_EnableIRQ)
    HAL_NVIC_SetPriority                     0x08000d21   Thumb Code    98  stm32f1xx_hal_cortex.o(i.HAL_NVIC_SetPriority)
    HAL_NVIC_SetPriorityGrouping             0x08000d89   Thumb Code    30  stm32f1xx_hal_cortex.o(i.HAL_NVIC_SetPriorityGrouping)
    HAL_NVIC_SystemReset                     0x08000dad   Thumb Code    26  stm32f1xx_hal_cortex.o(i.HAL_NVIC_SystemReset)
    HAL_RCC_ClockConfig                      0x08000dd1   Thumb Code   364  stm32f1xx_hal_rcc.o(i.HAL_RCC_ClockConfig)
    HAL_RCC_GetHCLKFreq                      0x08000f51   Thumb Code     6  stm32f1xx_hal_rcc.o(i.HAL_RCC_GetHCLKFreq)
    HAL_RCC_GetPCLK1Freq                     0x08000f5d   Thumb Code    22  stm32f1xx_hal_rcc.o(i.HAL_RCC_GetPCLK1Freq)
    HAL_RCC_GetPCLK2Freq                     0x08000f7d   Thumb Code    22  stm32f1xx_hal_rcc.o(i.HAL_RCC_GetPCLK2Freq)
    HAL_RCC_GetSysClockFreq                  0x08000f9d   Thumb Code    58  stm32f1xx_hal_rcc.o(i.HAL_RCC_GetSysClockFreq)
    HAL_RCC_OscConfig                        0x08000fed   Thumb Code  1068  stm32f1xx_hal_rcc.o(i.HAL_RCC_OscConfig)
    HAL_SYSTICK_Config                       0x08001419   Thumb Code    36  stm32f1xx_hal_cortex.o(i.HAL_SYSTICK_Config)
    HAL_TIMEx_BreakCallback                  0x08001441   Thumb Code     2  stm32f1xx_hal_tim_ex.o(i.HAL_TIMEx_BreakCallback)
    HAL_TIMEx_CommutCallback                 0x08001443   Thumb Code     2  stm32f1xx_hal_tim_ex.o(i.HAL_TIMEx_CommutCallback)
    HAL_TIMEx_MasterConfigSynchronization    0x08001445   Thumb Code   114  stm32f1xx_hal_tim_ex.o(i.HAL_TIMEx_MasterConfigSynchronization)
    HAL_TIM_Base_Init                        0x080014b7   Thumb Code    92  stm32f1xx_hal_tim.o(i.HAL_TIM_Base_Init)
    HAL_TIM_Base_MspInit                     0x08001515   Thumb Code    72  tim.o(i.HAL_TIM_Base_MspInit)
    HAL_TIM_Base_Start_IT                    0x08001565   Thumb Code    98  stm32f1xx_hal_tim.o(i.HAL_TIM_Base_Start_IT)
    HAL_TIM_ConfigClockSource                0x080015c7   Thumb Code   234  stm32f1xx_hal_tim.o(i.HAL_TIM_ConfigClockSource)
    HAL_TIM_IC_CaptureCallback               0x080016b1   Thumb Code     2  stm32f1xx_hal_tim.o(i.HAL_TIM_IC_CaptureCallback)
    HAL_TIM_IRQHandler                       0x080016b3   Thumb Code   348  stm32f1xx_hal_tim.o(i.HAL_TIM_IRQHandler)
    HAL_TIM_OC_DelayElapsedCallback          0x0800180f   Thumb Code     2  stm32f1xx_hal_tim.o(i.HAL_TIM_OC_DelayElapsedCallback)
    HAL_TIM_PWM_PulseFinishedCallback        0x08001811   Thumb Code     2  stm32f1xx_hal_tim.o(i.HAL_TIM_PWM_PulseFinishedCallback)
    HAL_TIM_PeriodElapsedCallback            0x08001815   Thumb Code    78  main.o(i.HAL_TIM_PeriodElapsedCallback)
    HAL_TIM_TriggerCallback                  0x08001875   Thumb Code     2  stm32f1xx_hal_tim.o(i.HAL_TIM_TriggerCallback)
    HAL_UARTEx_RxEventCallback               0x08001877   Thumb Code     2  stm32f1xx_hal_uart.o(i.HAL_UARTEx_RxEventCallback)
    HAL_UART_ErrorCallback                   0x08001879   Thumb Code     2  stm32f1xx_hal_uart.o(i.HAL_UART_ErrorCallback)
    HAL_UART_IRQHandler                      0x0800187d   Thumb Code   610  stm32f1xx_hal_uart.o(i.HAL_UART_IRQHandler)
    HAL_UART_Init                            0x08001ae5   Thumb Code   102  stm32f1xx_hal_uart.o(i.HAL_UART_Init)
    HAL_UART_MspInit                         0x08001b4d   Thumb Code   248  usart.o(i.HAL_UART_MspInit)
    HAL_UART_Receive_IT                      0x08001c5d   Thumb Code    28  stm32f1xx_hal_uart.o(i.HAL_UART_Receive_IT)
    HAL_UART_RxCpltCallback                  0x08001c79   Thumb Code    34  gizwits_product.o(i.HAL_UART_RxCpltCallback)
    HAL_UART_Transmit                        0x08001ca9   Thumb Code   184  stm32f1xx_hal_uart.o(i.HAL_UART_Transmit)
    HAL_UART_Transmit_IT                     0x08001d61   Thumb Code    50  stm32f1xx_hal_uart.o(i.HAL_UART_Transmit_IT)
    HAL_UART_TxCpltCallback                  0x08001d93   Thumb Code     2  stm32f1xx_hal_uart.o(i.HAL_UART_TxCpltCallback)
    HardFault_Handler                        0x08001d95   Thumb Code     2  stm32f1xx_it.o(i.HardFault_Handler)
    KEY_Scan                                 0x08001d99   Thumb Code   212  key.o(i.KEY_Scan)
    MX_GPIO_Init                             0x08001e75   Thumb Code   124  gpio.o(i.MX_GPIO_Init)
    MX_IWDG_Init                             0x08001ef9   Thumb Code    36  iwdg.o(i.MX_IWDG_Init)
    MX_TIM2_Init                             0x08001f25   Thumb Code    96  tim.o(i.MX_TIM2_Init)
    MX_TIM4_Init                             0x08001f89   Thumb Code    94  tim.o(i.MX_TIM4_Init)
    MX_USART1_UART_Init                      0x08001ff1   Thumb Code    48  usart.o(i.MX_USART1_UART_Init)
    MX_USART2_UART_Init                      0x08002029   Thumb Code    48  usart.o(i.MX_USART2_UART_Init)
    MX_USART3_UART_Init                      0x08002061   Thumb Code    54  usart.o(i.MX_USART3_UART_Init)
    MemManage_Handler                        0x080020a5   Thumb Code     2  stm32f1xx_it.o(i.MemManage_Handler)
    Modbus_Event                             0x080020a9   Thumb Code    94  main.o(i.Modbus_Event)
    NMI_Handler                              0x08002185   Thumb Code     2  stm32f1xx_it.o(i.NMI_Handler)
    OLED_Clear                               0x08002187   Thumb Code    52  oled_new.o(i.OLED_Clear)
    OLED_IIC_Start                           0x080021bd   Thumb Code    70  oled_new.o(i.OLED_IIC_Start)
    OLED_IIC_Stop                            0x08002209   Thumb Code    54  oled_new.o(i.OLED_IIC_Stop)
    OLED_Init                                0x08002245   Thumb Code   182  oled_new.o(i.OLED_Init)
    OLED_Set_Pos                             0x080022fb   Thumb Code    38  oled_new.o(i.OLED_Set_Pos)
    OLED_Write_IIC_Byte                      0x08002321   Thumb Code   144  oled_new.o(i.OLED_Write_IIC_Byte)
    OLED_write_iic_com                       0x080023b5   Thumb Code    34  oled_new.o(i.OLED_write_iic_com)
    OLED_write_iic_dat                       0x080023d7   Thumb Code    34  oled_new.o(i.OLED_write_iic_dat)
    Oled_ShowCHinese                         0x080023f9   Thumb Code   126  oled_new.o(i.Oled_ShowCHinese)
    Oled_ShowChar                            0x0800247d   Thumb Code    70  oled_new.o(i.Oled_ShowChar)
    Oled_ShowString                          0x080024c9   Thumb Code    48  oled_new.o(i.Oled_ShowString)
    PendSV_Handler                           0x080024f9   Thumb Code     2  stm32f1xx_it.o(i.PendSV_Handler)
    SVC_Handler                              0x08002521   Thumb Code     2  stm32f1xx_it.o(i.SVC_Handler)
    SysTick_Handler                          0x08002523   Thumb Code     4  stm32f1xx_it.o(i.SysTick_Handler)
    SystemClock_Config                       0x08002527   Thumb Code    96  main.o(i.SystemClock_Config)
    SystemInit                               0x08002589   Thumb Code    56  system_stm32f1xx.o(i.SystemInit)
    TIM2_IRQHandler                          0x080025d1   Thumb Code     6  stm32f1xx_it.o(i.TIM2_IRQHandler)
    TIM4_IRQHandler                          0x080025dd   Thumb Code     6  stm32f1xx_it.o(i.TIM4_IRQHandler)
    TIM_Base_SetConfig                       0x080025e9   Thumb Code   122  stm32f1xx_hal_tim.o(i.TIM_Base_SetConfig)
    TIM_ETR_SetConfig                        0x08002671   Thumb Code    22  stm32f1xx_hal_tim.o(i.TIM_ETR_SetConfig)
    UART_Start_Receive_IT                    0x080028f1   Thumb Code    56  stm32f1xx_hal_uart.o(i.UART_Start_Receive_IT)
    USART2_IRQHandler                        0x08002a15   Thumb Code     6  stm32f1xx_it.o(i.USART2_IRQHandler)
    USART3_IRQHandler                        0x08002a21   Thumb Code    62  stm32f1xx_it.o(i.USART3_IRQHandler)
    UsageFault_Handler                       0x08002a6d   Thumb Code     2  stm32f1xx_it.o(i.UsageFault_Handler)
    __0printf$6                              0x08002a71   Thumb Code    22  printf6.o(i.__0printf$6)
    __1printf$6                              0x08002a71   Thumb Code     0  printf6.o(i.__0printf$6)
    __2printf                                0x08002a71   Thumb Code     0  printf6.o(i.__0printf$6)
    __0sprintf$6                             0x08002a91   Thumb Code    34  printf6.o(i.__0sprintf$6)
    __1sprintf$6                             0x08002a91   Thumb Code     0  printf6.o(i.__0sprintf$6)
    __2sprintf                               0x08002a91   Thumb Code     0  printf6.o(i.__0sprintf$6)
    __scatterload_copy                       0x08002ab9   Thumb Code    14  handlers.o(i.__scatterload_copy)
    __scatterload_null                       0x08002ac7   Thumb Code     2  handlers.o(i.__scatterload_null)
    __scatterload_zeroinit                   0x08002ac9   Thumb Code    14  handlers.o(i.__scatterload_zeroinit)
    exchangeBytes                            0x08002e25   Thumb Code    32  common.o(i.exchangeBytes)
    exchangeWord                             0x08002e45   Thumb Code     4  common.o(i.exchangeWord)
    fputc                                    0x08002e49   Thumb Code    20  gizwits_product.o(i.fputc)
    free                                     0x08002e61   Thumb Code    76  malloc.o(i.free)
    gizGetTimerCount                         0x08003185   Thumb Code     6  gizwits_product.o(i.gizGetTimerCount)
    gizProtocolSum                           0x08003831   Thumb Code    36  common.o(i.gizProtocolSum)
    gizPutData                               0x080038c5   Thumb Code    28  gizwits_protocol.o(i.gizPutData)
    gizTimerMs                               0x0800396d   Thumb Code    10  gizwits_product.o(i.gizTimerMs)
    gizY2X                                   0x0800397d   Thumb Code     8  datapointtools.o(i.gizY2X)
    gizwitsEventProcess                      0x08003985   Thumb Code    28  gizwits_product.o(i.gizwitsEventProcess)
    gizwitsHandle                            0x080039a1   Thumb Code   458  gizwits_protocol.o(i.gizwitsHandle)
    gizwitsInit                              0x08003b79   Thumb Code    34  gizwits_protocol.o(i.gizwitsInit)
    gizwitsSetMode                           0x08003ba5   Thumb Code   196  gizwits_protocol.o(i.gizwitsSetMode)
    keyEventProcess                          0x08003c6d   Thumb Code   104  hal_key.o(i.keyEventProcess)
    keyHandle                                0x08003cdd   Thumb Code    24  hal_key.o(i.keyHandle)
    main                                     0x08003cf9   Thumb Code   176  main.o(i.main)
    mcuRestart                               0x08003dc5   Thumb Code    10  gizwits_product.o(i.mcuRestart)
    rbCanRead                                0x08003dcf   Thumb Code    50  ringbuffer.o(i.rbCanRead)
    rbCanWrite                               0x08003e01   Thumb Code    28  ringbuffer.o(i.rbCanWrite)
    rbCapacity                               0x08003e1d   Thumb Code    12  ringbuffer.o(i.rbCapacity)
    rbCreate                                 0x08003e29   Thumb Code    18  ringbuffer.o(i.rbCreate)
    rbRead                                   0x08003e3b   Thumb Code   140  ringbuffer.o(i.rbRead)
    rbReadIndicator                          0x08003ec7   Thumb Code    24  ringbuffer.o(i.rbReadIndicator)
    rbWrite                                  0x08003edf   Thumb Code   168  ringbuffer.o(i.rbWrite)
    rbWriteIndicator                         0x08003f87   Thumb Code    24  ringbuffer.o(i.rbWriteIndicator)
    timerInit                                0x08004071   Thumb Code     6  gizwits_product.o(i.timerInit)
    uartInit                                 0x0800407d   Thumb Code    10  gizwits_product.o(i.uartInit)
    uartWrite                                0x08004091   Thumb Code    94  gizwits_product.o(i.uartWrite)
    userHandle                               0x080040f9   Thumb Code     2  gizwits_product.o(i.userHandle)
    userInit                                 0x080040fd   Thumb Code     8  gizwits_product.o(i.userInit)
    AHBPrescTable                            0x08004108   Data          16  system_stm32f1xx.o(.constdata)
    APBPrescTable                            0x08004118   Data           8  system_stm32f1xx.o(.constdata)
    Hzk                                      0x08004132   Data         544  oled_new.o(.constdata)
    F8X16                                    0x08004352   Data        1520  oled_new.o(.constdata)
    QRCode_HEX                               0x08004942   Data         504  oled_new.o(.constdata)
    ZiMo_64X64                               0x08004b3a   Data        2560  oled_new.o(.constdata)
    __ctype_categories                       0x0800553a   Data          64  ctype_c.o(.constdata)
    Region$$Table$$Base                      0x0800557c   Number         0  anon$$obj.o(Region$$Table)
    Region$$Table$$Limit                     0x0800559c   Number         0  anon$$obj.o(Region$$Table)
    page                                     0x20000000   Data           1  main.o(.data)
    Send_time                                0x20000002   Data           2  main.o(.data)
    ID                                       0x20000004   Data           4  main.o(.data)
    Temp                                     0x20000008   Data           4  main.o(.data)
    Hum                                      0x2000000c   Data           4  main.o(.data)
    gz_value                                 0x20000010   Data           4  main.o(.data)
    MQ2_value                                0x20000014   Data           4  main.o(.data)
    MQ135_value                              0x20000018   Data           4  main.o(.data)
    RXD_UART3_Buff                           0x2000001c   Data           1  usart.o(.data)
    aRxBuffer                                0x20000020   Data           1  gizwits_product.o(.data)
    keyNum                                   0x20000038   Data           1  hal_key.o(.data)
    keyCountTime                             0x20000039   Data           1  hal_key.o(.data)
    SystemCoreClock                          0x2000003c   Data           4  system_stm32f1xx.o(.data)
    uwTickFreq                               0x20000040   Data           1  stm32f1xx_hal.o(.data)
    uwTickPrio                               0x20000044   Data           4  stm32f1xx_hal.o(.data)
    uwTick                                   0x20000048   Data           4  stm32f1xx_hal.o(.data)
    __stdout                                 0x20000050   Data           4  stdout.o(.data)
    __microlib_freelist                      0x20000054   Data           4  mvars.o(.data)
    data                                     0x20000058   Data         608  main.o(.bss)
    oled_buff                                0x200002b8   Data          20  main.o(.bss)
    hiwdg                                    0x200002cc   Data          12  iwdg.o(.bss)
    htim2                                    0x200002d8   Data          72  tim.o(.bss)
    htim4                                    0x20000320   Data          72  tim.o(.bss)
    huart1                                   0x20000368   Data          72  usart.o(.bss)
    huart2                                   0x200003b0   Data          72  usart.o(.bss)
    huart3                                   0x200003f8   Data          72  usart.o(.bss)
    currentDataPoint                         0x20000440   Data          24  gizwits_product.o(.bss)
    gizwitsProtocol                          0x20000458   Data        1088  gizwits_protocol.o(.bss)
    pRb                                      0x20000898   Data          16  gizwits_protocol.o(.bss)
    keyTable                                 0x20000ada   Data          90  hal_key.o(.bss)
    __initial_sp                             0x20002b38   Data           0  startup_stm32f103xb.o(STACK)



==============================================================================

Memory Map of the image

  Image Entry point : 0x080000ed

  Load Region LR_IROM1 (Base: 0x08000000, Size: 0x000055f4, Max: 0x00010000, ABSOLUTE)

    Execution Region ER_IROM1 (Exec base: 0x08000000, Load base: 0x08000000, Size: 0x0000559c, Max: 0x00010000, ABSOLUTE)

    Exec Addr    Load Addr    Size         Type   Attr      Idx    E Section Name        Object

    0x08000000   0x08000000   0x000000ec   Data   RO         1163    RESET               startup_stm32f103xb.o
    0x080000ec   0x080000ec   0x00000000   Code   RO         3798  * .ARM.Collect$$$$00000000  mc_w.l(entry.o)
    0x080000ec   0x080000ec   0x00000004   Code   RO         4116    .ARM.Collect$$$$00000001  mc_w.l(entry2.o)
    0x080000f0   0x080000f0   0x00000004   Code   RO         4119    .ARM.Collect$$$$00000004  mc_w.l(entry5.o)
    0x080000f4   0x080000f4   0x00000000   Code   RO         4121    .ARM.Collect$$$$00000008  mc_w.l(entry7b.o)
    0x080000f4   0x080000f4   0x00000000   Code   RO         4123    .ARM.Collect$$$$0000000A  mc_w.l(entry8b.o)
    0x080000f4   0x080000f4   0x00000008   Code   RO         4124    .ARM.Collect$$$$0000000B  mc_w.l(entry9a.o)
    0x080000fc   0x080000fc   0x00000000   Code   RO         4126    .ARM.Collect$$$$0000000D  mc_w.l(entry10a.o)
    0x080000fc   0x080000fc   0x00000000   Code   RO         4128    .ARM.Collect$$$$0000000F  mc_w.l(entry11a.o)
    0x080000fc   0x080000fc   0x00000004   Code   RO         4117    .ARM.Collect$$$$00002712  mc_w.l(entry2.o)
    0x08000100   0x08000100   0x00000024   Code   RO         1164    .text               startup_stm32f103xb.o
    0x08000124   0x08000124   0x00000024   Code   RO         3805    .text               mc_w.l(memcpya.o)
    0x08000148   0x08000148   0x00000024   Code   RO         3807    .text               mc_w.l(memseta.o)
    0x0800016c   0x0800016c   0x00000038   Code   RO         4102    .text               mc_w.l(__0sscanf.o)
    0x080001a4   0x080001a4   0x0000014c   Code   RO         4104    .text               mc_w.l(_scanf_int.o)
    0x080002f0   0x080002f0   0x0000002c   Code   RO         4131    .text               mc_w.l(uidiv.o)
    0x0800031c   0x0800031c   0x0000001c   Code   RO         4137    .text               mc_w.l(_chval.o)
    0x08000338   0x08000338   0x00000028   Code   RO         4139    .text               mc_w.l(scanf_char.o)
    0x08000360   0x08000360   0x00000040   Code   RO         4141    .text               mc_w.l(_sgetc.o)
    0x080003a0   0x080003a0   0x00000024   Code   RO         4156    .text               mc_w.l(init.o)
    0x080003c4   0x080003c4   0x0000000a   Code   RO         4162    .text               mc_w.l(isspace_c.o)
    0x080003ce   0x080003ce   0x00000002   PAD
    0x080003d0   0x080003d0   0x0000032c   Code   RO         4164    .text               mc_w.l(_scanf.o)
    0x080006fc   0x080006fc   0x00000028   Code   RO         4168    .text               mc_w.l(ctype_c.o)
    0x08000724   0x08000724   0x00000002   Code   RO          388    i.BusFault_Handler  stm32f1xx_it.o
    0x08000726   0x08000726   0x00000002   Code   RO          389    i.DebugMon_Handler  stm32f1xx_it.o
    0x08000728   0x08000728   0x00000174   Code   RO            4    i.Display           main.o
    0x0800089c   0x0800089c   0x00000002   Code   RO            5    i.Error_Handler     main.o
    0x0800089e   0x0800089e   0x00000048   Code   RO         1661    i.HAL_DMA_Abort     stm32f1xx_hal_dma.o
    0x080008e6   0x080008e6   0x00000002   PAD
    0x080008e8   0x080008e8   0x000000a4   Code   RO         1662    i.HAL_DMA_Abort_IT  stm32f1xx_hal_dma.o
    0x0800098c   0x0800098c   0x00000028   Code   RO         1282    i.HAL_Delay         stm32f1xx_hal.o
    0x080009b4   0x080009b4   0x000001fc   Code   RO         1597    i.HAL_GPIO_Init     stm32f1xx_hal_gpio.o
    0x08000bb0   0x08000bb0   0x0000000e   Code   RO         1599    i.HAL_GPIO_ReadPin  stm32f1xx_hal_gpio.o
    0x08000bbe   0x08000bbe   0x0000000e   Code   RO         1601    i.HAL_GPIO_WritePin  stm32f1xx_hal_gpio.o
    0x08000bcc   0x08000bcc   0x0000000c   Code   RO         1286    i.HAL_GetTick       stm32f1xx_hal.o
    0x08000bd8   0x08000bd8   0x0000006a   Code   RO         1245    i.HAL_IWDG_Init     stm32f1xx_hal_iwdg.o
    0x08000c42   0x08000c42   0x0000000c   Code   RO         1246    i.HAL_IWDG_Refresh  stm32f1xx_hal_iwdg.o
    0x08000c4e   0x08000c4e   0x00000002   PAD
    0x08000c50   0x08000c50   0x00000010   Code   RO         1292    i.HAL_IncTick       stm32f1xx_hal.o
    0x08000c60   0x08000c60   0x00000024   Code   RO         1293    i.HAL_Init          stm32f1xx_hal.o
    0x08000c84   0x08000c84   0x00000044   Code   RO         1294    i.HAL_InitTick      stm32f1xx_hal.o
    0x08000cc8   0x08000cc8   0x0000003c   Code   RO          488    i.HAL_MspInit       stm32f1xx_hal_msp.o
    0x08000d04   0x08000d04   0x0000001c   Code   RO         1757    i.HAL_NVIC_EnableIRQ  stm32f1xx_hal_cortex.o
    0x08000d20   0x08000d20   0x00000068   Code   RO         1763    i.HAL_NVIC_SetPriority  stm32f1xx_hal_cortex.o
    0x08000d88   0x08000d88   0x00000024   Code   RO         1764    i.HAL_NVIC_SetPriorityGrouping  stm32f1xx_hal_cortex.o
    0x08000dac   0x08000dac   0x00000024   Code   RO         1765    i.HAL_NVIC_SystemReset  stm32f1xx_hal_cortex.o
    0x08000dd0   0x08000dd0   0x00000180   Code   RO         1450    i.HAL_RCC_ClockConfig  stm32f1xx_hal_rcc.o
    0x08000f50   0x08000f50   0x0000000c   Code   RO         1455    i.HAL_RCC_GetHCLKFreq  stm32f1xx_hal_rcc.o
    0x08000f5c   0x08000f5c   0x00000020   Code   RO         1457    i.HAL_RCC_GetPCLK1Freq  stm32f1xx_hal_rcc.o
    0x08000f7c   0x08000f7c   0x00000020   Code   RO         1458    i.HAL_RCC_GetPCLK2Freq  stm32f1xx_hal_rcc.o
    0x08000f9c   0x08000f9c   0x00000050   Code   RO         1459    i.HAL_RCC_GetSysClockFreq  stm32f1xx_hal_rcc.o
    0x08000fec   0x08000fec   0x0000042c   Code   RO         1462    i.HAL_RCC_OscConfig  stm32f1xx_hal_rcc.o
    0x08001418   0x08001418   0x00000028   Code   RO         1768    i.HAL_SYSTICK_Config  stm32f1xx_hal_cortex.o
    0x08001440   0x08001440   0x00000002   Code   RO         2990    i.HAL_TIMEx_BreakCallback  stm32f1xx_hal_tim_ex.o
    0x08001442   0x08001442   0x00000002   Code   RO         2991    i.HAL_TIMEx_CommutCallback  stm32f1xx_hal_tim_ex.o
    0x08001444   0x08001444   0x00000072   Code   RO         3009    i.HAL_TIMEx_MasterConfigSynchronization  stm32f1xx_hal_tim_ex.o
    0x080014b6   0x080014b6   0x0000005c   Code   RO         2275    i.HAL_TIM_Base_Init  stm32f1xx_hal_tim.o
    0x08001512   0x08001512   0x00000002   PAD
    0x08001514   0x08001514   0x00000050   Code   RO          286    i.HAL_TIM_Base_MspInit  tim.o
    0x08001564   0x08001564   0x00000062   Code   RO         2280    i.HAL_TIM_Base_Start_IT  stm32f1xx_hal_tim.o
    0x080015c6   0x080015c6   0x000000ea   Code   RO         2284    i.HAL_TIM_ConfigClockSource  stm32f1xx_hal_tim.o
    0x080016b0   0x080016b0   0x00000002   Code   RO         2309    i.HAL_TIM_IC_CaptureCallback  stm32f1xx_hal_tim.o
    0x080016b2   0x080016b2   0x0000015c   Code   RO         2323    i.HAL_TIM_IRQHandler  stm32f1xx_hal_tim.o
    0x0800180e   0x0800180e   0x00000002   Code   RO         2326    i.HAL_TIM_OC_DelayElapsedCallback  stm32f1xx_hal_tim.o
    0x08001810   0x08001810   0x00000002   Code   RO         2353    i.HAL_TIM_PWM_PulseFinishedCallback  stm32f1xx_hal_tim.o
    0x08001812   0x08001812   0x00000002   PAD
    0x08001814   0x08001814   0x00000060   Code   RO            6    i.HAL_TIM_PeriodElapsedCallback  main.o
    0x08001874   0x08001874   0x00000002   Code   RO         2366    i.HAL_TIM_TriggerCallback  stm32f1xx_hal_tim.o
    0x08001876   0x08001876   0x00000002   Code   RO         3269    i.HAL_UARTEx_RxEventCallback  stm32f1xx_hal_uart.o
    0x08001878   0x08001878   0x00000002   Code   RO         3283    i.HAL_UART_ErrorCallback  stm32f1xx_hal_uart.o
    0x0800187a   0x0800187a   0x00000002   PAD
    0x0800187c   0x0800187c   0x00000268   Code   RO         3286    i.HAL_UART_IRQHandler  stm32f1xx_hal_uart.o
    0x08001ae4   0x08001ae4   0x00000066   Code   RO         3287    i.HAL_UART_Init     stm32f1xx_hal_uart.o
    0x08001b4a   0x08001b4a   0x00000002   PAD
    0x08001b4c   0x08001b4c   0x00000110   Code   RO          334    i.HAL_UART_MspInit  usart.o
    0x08001c5c   0x08001c5c   0x0000001c   Code   RO         3292    i.HAL_UART_Receive_IT  stm32f1xx_hal_uart.o
    0x08001c78   0x08001c78   0x00000030   Code   RO          512    i.HAL_UART_RxCpltCallback  gizwits_product.o
    0x08001ca8   0x08001ca8   0x000000b8   Code   RO         3295    i.HAL_UART_Transmit  stm32f1xx_hal_uart.o
    0x08001d60   0x08001d60   0x00000032   Code   RO         3297    i.HAL_UART_Transmit_IT  stm32f1xx_hal_uart.o
    0x08001d92   0x08001d92   0x00000002   Code   RO         3298    i.HAL_UART_TxCpltCallback  stm32f1xx_hal_uart.o
    0x08001d94   0x08001d94   0x00000002   Code   RO          390    i.HardFault_Handler  stm32f1xx_it.o
    0x08001d96   0x08001d96   0x00000002   PAD
    0x08001d98   0x08001d98   0x000000dc   Code   RO         3630    i.KEY_Scan          key.o
    0x08001e74   0x08001e74   0x00000084   Code   RO          231    i.MX_GPIO_Init      gpio.o
    0x08001ef8   0x08001ef8   0x0000002c   Code   RO          255    i.MX_IWDG_Init      iwdg.o
    0x08001f24   0x08001f24   0x00000064   Code   RO          287    i.MX_TIM2_Init      tim.o
    0x08001f88   0x08001f88   0x00000068   Code   RO          288    i.MX_TIM4_Init      tim.o
    0x08001ff0   0x08001ff0   0x00000038   Code   RO          335    i.MX_USART1_UART_Init  usart.o
    0x08002028   0x08002028   0x00000038   Code   RO          336    i.MX_USART2_UART_Init  usart.o
    0x08002060   0x08002060   0x00000044   Code   RO          337    i.MX_USART3_UART_Init  usart.o
    0x080020a4   0x080020a4   0x00000002   Code   RO          391    i.MemManage_Handler  stm32f1xx_it.o
    0x080020a6   0x080020a6   0x00000002   PAD
    0x080020a8   0x080020a8   0x000000dc   Code   RO            7    i.Modbus_Event      main.o
    0x08002184   0x08002184   0x00000002   Code   RO          392    i.NMI_Handler       stm32f1xx_it.o
    0x08002186   0x08002186   0x00000034   Code   RO         3658    i.OLED_Clear        oled_new.o
    0x080021ba   0x080021ba   0x00000002   PAD
    0x080021bc   0x080021bc   0x0000004c   Code   RO         3663    i.OLED_IIC_Start    oled_new.o
    0x08002208   0x08002208   0x0000003c   Code   RO         3664    i.OLED_IIC_Stop     oled_new.o
    0x08002244   0x08002244   0x000000b6   Code   RO         3665    i.OLED_Init         oled_new.o
    0x080022fa   0x080022fa   0x00000026   Code   RO         3666    i.OLED_Set_Pos      oled_new.o
    0x08002320   0x08002320   0x00000094   Code   RO         3668    i.OLED_Write_IIC_Byte  oled_new.o
    0x080023b4   0x080023b4   0x00000022   Code   RO         3669    i.OLED_write_iic_com  oled_new.o
    0x080023d6   0x080023d6   0x00000022   Code   RO         3670    i.OLED_write_iic_dat  oled_new.o
    0x080023f8   0x080023f8   0x00000084   Code   RO         3671    i.Oled_ShowCHinese  oled_new.o
    0x0800247c   0x0800247c   0x0000004c   Code   RO         3672    i.Oled_ShowChar     oled_new.o
    0x080024c8   0x080024c8   0x00000030   Code   RO         3673    i.Oled_ShowString   oled_new.o
    0x080024f8   0x080024f8   0x00000002   Code   RO          393    i.PendSV_Handler    stm32f1xx_it.o
    0x080024fa   0x080024fa   0x00000002   PAD
    0x080024fc   0x080024fc   0x00000024   Code   RO         1463    i.RCC_Delay         stm32f1xx_hal_rcc.o
    0x08002520   0x08002520   0x00000002   Code   RO          394    i.SVC_Handler       stm32f1xx_it.o
    0x08002522   0x08002522   0x00000004   Code   RO          395    i.SysTick_Handler   stm32f1xx_it.o
    0x08002526   0x08002526   0x00000060   Code   RO            8    i.SystemClock_Config  main.o
    0x08002586   0x08002586   0x00000002   PAD
    0x08002588   0x08002588   0x00000048   Code   RO         1172    i.SystemInit        system_stm32f1xx.o
    0x080025d0   0x080025d0   0x0000000c   Code   RO          396    i.TIM2_IRQHandler   stm32f1xx_it.o
    0x080025dc   0x080025dc   0x0000000c   Code   RO          397    i.TIM4_IRQHandler   stm32f1xx_it.o
    0x080025e8   0x080025e8   0x00000088   Code   RO         2368    i.TIM_Base_SetConfig  stm32f1xx_hal_tim.o
    0x08002670   0x08002670   0x00000016   Code   RO         2379    i.TIM_ETR_SetConfig  stm32f1xx_hal_tim.o
    0x08002686   0x08002686   0x00000010   Code   RO         2380    i.TIM_ITRx_SetConfig  stm32f1xx_hal_tim.o
    0x08002696   0x08002696   0x00000026   Code   RO         2386    i.TIM_TI1_ConfigInputStage  stm32f1xx_hal_tim.o
    0x080026bc   0x080026bc   0x00000028   Code   RO         2388    i.TIM_TI2_ConfigInputStage  stm32f1xx_hal_tim.o
    0x080026e4   0x080026e4   0x00000010   Code   RO         3300    i.UART_DMAAbortOnError  stm32f1xx_hal_uart.o
    0x080026f4   0x080026f4   0x0000004e   Code   RO         3310    i.UART_EndRxTransfer  stm32f1xx_hal_uart.o
    0x08002742   0x08002742   0x0000001a   Code   RO         3311    i.UART_EndTransmit_IT  stm32f1xx_hal_uart.o
    0x0800275c   0x0800275c   0x000000ca   Code   RO         3313    i.UART_Receive_IT   stm32f1xx_hal_uart.o
    0x08002826   0x08002826   0x00000002   PAD
    0x08002828   0x08002828   0x000000c8   Code   RO         3314    i.UART_SetConfig    stm32f1xx_hal_uart.o
    0x080028f0   0x080028f0   0x00000038   Code   RO         3316    i.UART_Start_Receive_IT  stm32f1xx_hal_uart.o
    0x08002928   0x08002928   0x0000005e   Code   RO         3317    i.UART_Transmit_IT  stm32f1xx_hal_uart.o
    0x08002986   0x08002986   0x0000008e   Code   RO         3318    i.UART_WaitOnFlagUntilTimeout  stm32f1xx_hal_uart.o
    0x08002a14   0x08002a14   0x0000000c   Code   RO          398    i.USART2_IRQHandler  stm32f1xx_it.o
    0x08002a20   0x08002a20   0x0000004c   Code   RO          399    i.USART3_IRQHandler  stm32f1xx_it.o
    0x08002a6c   0x08002a6c   0x00000002   Code   RO          400    i.UsageFault_Handler  stm32f1xx_it.o
    0x08002a6e   0x08002a6e   0x00000002   PAD
    0x08002a70   0x08002a70   0x00000020   Code   RO         3968    i.__0printf$6       mc_w.l(printf6.o)
    0x08002a90   0x08002a90   0x00000028   Code   RO         3970    i.__0sprintf$6      mc_w.l(printf6.o)
    0x08002ab8   0x08002ab8   0x0000000e   Code   RO         4173    i.__scatterload_copy  mc_w.l(handlers.o)
    0x08002ac6   0x08002ac6   0x00000002   Code   RO         4174    i.__scatterload_null  mc_w.l(handlers.o)
    0x08002ac8   0x08002ac8   0x0000000e   Code   RO         4175    i.__scatterload_zeroinit  mc_w.l(handlers.o)
    0x08002ad6   0x08002ad6   0x00000002   PAD
    0x08002ad8   0x08002ad8   0x000002f0   Code   RO         3975    i._printf_core      mc_w.l(printf6.o)
    0x08002dc8   0x08002dc8   0x00000024   Code   RO         3976    i._printf_post_padding  mc_w.l(printf6.o)
    0x08002dec   0x08002dec   0x0000002e   Code   RO         3977    i._printf_pre_padding  mc_w.l(printf6.o)
    0x08002e1a   0x08002e1a   0x0000000a   Code   RO         3979    i._sputc            mc_w.l(printf6.o)
    0x08002e24   0x08002e24   0x00000020   Code   RO          914    i.exchangeBytes     common.o
    0x08002e44   0x08002e44   0x00000004   Code   RO          915    i.exchangeWord      common.o
    0x08002e48   0x08002e48   0x00000018   Code   RO          513    i.fputc             gizwits_product.o
    0x08002e60   0x08002e60   0x00000050   Code   RO         4074    i.free              mc_w.l(malloc.o)
    0x08002eb0   0x08002eb0   0x000000fc   Code   RO          624    i.gizCheckReport    gizwits_protocol.o
    0x08002fac   0x08002fac   0x0000012c   Code   RO          625    i.gizDataPoints2ReportData  gizwits_protocol.o
    0x080030d8   0x080030d8   0x000000ac   Code   RO          626    i.gizDevReportPolicy  gizwits_protocol.o
    0x08003184   0x08003184   0x0000000c   Code   RO          514    i.gizGetTimerCount  gizwits_product.o
    0x08003190   0x08003190   0x00000060   Code   RO          627    i.gizProtocolAckHandle  gizwits_protocol.o
    0x080031f0   0x080031f0   0x0000003c   Code   RO          628    i.gizProtocolCommonAck  gizwits_protocol.o
    0x0800322c   0x0800322c   0x00000044   Code   RO          629    i.gizProtocolErrorCmd  gizwits_protocol.o
    0x08003270   0x08003270   0x00000118   Code   RO          630    i.gizProtocolGetDeviceInfo  gizwits_protocol.o
    0x08003388   0x08003388   0x00000124   Code   RO          631    i.gizProtocolGetOnePacket  gizwits_protocol.o
    0x080034ac   0x080034ac   0x00000018   Code   RO          632    i.gizProtocolHeadInit  gizwits_protocol.o
    0x080034c4   0x080034c4   0x000000b0   Code   RO          633    i.gizProtocolIssuedDataAck  gizwits_protocol.o
    0x08003574   0x08003574   0x000000b8   Code   RO          634    i.gizProtocolIssuedProcess  gizwits_protocol.o
    0x0800362c   0x0800362c   0x000001a4   Code   RO          635    i.gizProtocolModuleStatus  gizwits_protocol.o
    0x080037d0   0x080037d0   0x00000060   Code   RO          636    i.gizProtocolNTP    gizwits_protocol.o
    0x08003830   0x08003830   0x00000024   Code   RO          916    i.gizProtocolSum    common.o
    0x08003854   0x08003854   0x00000044   Code   RO          637    i.gizProtocolWaitAck  gizwits_protocol.o
    0x08003898   0x08003898   0x0000002c   Code   RO          638    i.gizProtocolWaitAckCheck  gizwits_protocol.o
    0x080038c4   0x080038c4   0x00000020   Code   RO          639    i.gizPutData        gizwits_protocol.o
    0x080038e4   0x080038e4   0x00000088   Code   RO          640    i.gizReportData     gizwits_protocol.o
    0x0800396c   0x0800396c   0x00000010   Code   RO          515    i.gizTimerMs        gizwits_product.o
    0x0800397c   0x0800397c   0x00000008   Code   RO          989    i.gizY2X            datapointtools.o
    0x08003984   0x08003984   0x0000001c   Code   RO          516    i.gizwitsEventProcess  gizwits_product.o
    0x080039a0   0x080039a0   0x000001d8   Code   RO          643    i.gizwitsHandle     gizwits_protocol.o
    0x08003b78   0x08003b78   0x0000002c   Code   RO          644    i.gizwitsInit       gizwits_protocol.o
    0x08003ba4   0x08003ba4   0x000000c8   Code   RO          646    i.gizwitsSetMode    gizwits_protocol.o
    0x08003c6c   0x08003c6c   0x00000070   Code   RO          792    i.keyEventProcess   hal_key.o
    0x08003cdc   0x08003cdc   0x0000001c   Code   RO          793    i.keyHandle         hal_key.o
    0x08003cf8   0x08003cf8   0x000000cc   Code   RO           13    i.main              main.o
    0x08003dc4   0x08003dc4   0x0000000a   Code   RO          517    i.mcuRestart        gizwits_product.o
    0x08003dce   0x08003dce   0x00000032   Code   RO         1050    i.rbCanRead         ringbuffer.o
    0x08003e00   0x08003e00   0x0000001c   Code   RO         1051    i.rbCanWrite        ringbuffer.o
    0x08003e1c   0x08003e1c   0x0000000c   Code   RO         1052    i.rbCapacity        ringbuffer.o
    0x08003e28   0x08003e28   0x00000012   Code   RO         1053    i.rbCreate          ringbuffer.o
    0x08003e3a   0x08003e3a   0x0000008c   Code   RO         1055    i.rbRead            ringbuffer.o
    0x08003ec6   0x08003ec6   0x00000018   Code   RO         1056    i.rbReadIndicator   ringbuffer.o
    0x08003ede   0x08003ede   0x000000a8   Code   RO         1057    i.rbWrite           ringbuffer.o
    0x08003f86   0x08003f86   0x00000018   Code   RO         1058    i.rbWriteIndicator  ringbuffer.o
    0x08003f9e   0x08003f9e   0x000000d0   Code   RO          795    i.readKeyStatus     hal_key.o
    0x0800406e   0x0800406e   0x00000002   PAD
    0x08004070   0x08004070   0x0000000c   Code   RO          518    i.timerInit         gizwits_product.o
    0x0800407c   0x0800407c   0x00000014   Code   RO          519    i.uartInit          gizwits_product.o
    0x08004090   0x08004090   0x00000068   Code   RO          520    i.uartWrite         gizwits_product.o
    0x080040f8   0x080040f8   0x00000002   Code   RO          521    i.userHandle        gizwits_product.o
    0x080040fa   0x080040fa   0x00000002   PAD
    0x080040fc   0x080040fc   0x0000000c   Code   RO          522    i.userInit          gizwits_product.o
    0x08004108   0x08004108   0x00000010   Data   RO         1173    .constdata          system_stm32f1xx.o
    0x08004118   0x08004118   0x00000008   Data   RO         1174    .constdata          system_stm32f1xx.o
    0x08004120   0x08004120   0x00000012   Data   RO         1464    .constdata          stm32f1xx_hal_rcc.o
    0x08004132   0x08004132   0x00001408   Data   RO         3678    .constdata          oled_new.o
    0x0800553a   0x0800553a   0x00000040   Data   RO         4169    .constdata          mc_w.l(ctype_c.o)
    0x0800557a   0x0800557a   0x00000002   PAD
    0x0800557c   0x0800557c   0x00000020   Data   RO         4171    Region$$Table       anon$$obj.o


    Execution Region RW_IRAM1 (Exec base: 0x20000000, Load base: 0x0800559c, Size: 0x00002b38, Max: 0x00005000, ABSOLUTE)

    Exec Addr    Load Addr    Size         Type   Attr      Idx    E Section Name        Object

    0x20000000   0x0800559c   0x0000001c   Data   RW           15    .data               main.o
    0x2000001c   0x080055b8   0x00000001   Data   RW          339    .data               usart.o
    0x2000001d   0x080055b9   0x00000003   PAD
    0x20000020   0x080055bc   0x00000008   Data   RW          524    .data               gizwits_product.o
    0x20000028   0x080055c4   0x00000010   Data   RW          648    .data               gizwits_protocol.o
    0x20000038   0x080055d4   0x00000002   Data   RW          797    .data               hal_key.o
    0x2000003a   0x080055d6   0x00000002   PAD
    0x2000003c   0x080055d8   0x00000004   Data   RW         1175    .data               system_stm32f1xx.o
    0x20000040   0x080055dc   0x0000000c   Data   RW         1300    .data               stm32f1xx_hal.o
    0x2000004c   0x080055e8   0x00000001   Data   RW         3631    .data               key.o
    0x2000004d   0x080055e9   0x00000003   PAD
    0x20000050   0x080055ec   0x00000004   Data   RW         4130    .data               mc_w.l(stdout.o)
    0x20000054   0x080055f0   0x00000004   Data   RW         4135    .data               mc_w.l(mvars.o)
    0x20000058        -       0x00000274   Zero   RW           14    .bss                main.o
    0x200002cc        -       0x0000000c   Zero   RW          256    .bss                iwdg.o
    0x200002d8        -       0x00000090   Zero   RW          289    .bss                tim.o
    0x20000368        -       0x000000d8   Zero   RW          338    .bss                usart.o
    0x20000440        -       0x00000018   Zero   RW          523    .bss                gizwits_product.o
    0x20000458        -       0x00000682   Zero   RW          647    .bss                gizwits_protocol.o
    0x20000ada        -       0x0000005a   Zero   RW          796    .bss                hal_key.o
    0x20000b34   0x080055f4   0x00000004   PAD
    0x20000b38        -       0x00002000   Zero   RW         1161    STACK               startup_stm32f103xb.o


==============================================================================

Image component sizes


      Code (inc. data)   RO Data    RW Data    ZI Data      Debug   Object Name

        72          0          0          0          0       3568   common.o
         8          0          0          0          0        589   datapointtools.o
       288         60          0          8         24      18931   gizwits_product.o
      3416        274          0         16       1666      18202   gizwits_protocol.o
       132          8          0          0          0        935   gpio.o
       348         18          0          2         90       4073   hal_key.o
        44          8          0          0         12        731   iwdg.o
       220          8          0          1          0        807   key.o
       990        300          0         28        628     433006   main.o
       880         28       5128          0          0       8640   oled_new.o
       464          0          0          0          0       6043   ringbuffer.o
        36          8        236          0       8192        792   startup_stm32f103xb.o
       172         30          0         12          0       6057   stm32f1xx_hal.o
       244         26          0          0          0      29418   stm32f1xx_hal_cortex.o
       236         28          0          0          0       1779   stm32f1xx_hal_dma.o
       536         12          0          0          0       3619   stm32f1xx_hal_gpio.o
       118          0          0          0          0       1927   stm32f1xx_hal_iwdg.o
        60          8          0          0          0        886   stm32f1xx_hal_msp.o
      1644         88         18          0          0       6956   stm32f1xx_hal_rcc.o
      1032         14          0          0          0       9847   stm32f1xx_hal_tim.o
       118          0          0          0          0       2569   stm32f1xx_hal_tim_ex.o
      1800         12          0          0          0      13279   stm32f1xx_hal_uart.o
       132         32          0          0          0       5846   stm32f1xx_it.o
        72         16         24          4          0       1255   system_stm32f1xx.o
       284         22          0          0        144       2395   tim.o
       452         54          0          1        216       3131   usart.o

    ----------------------------------------------------------------------
     13828       1054       5438         80      10976     585281   Object Totals
         0          0         32          0          0          0   (incl. Generated)
        30          0          0          8          4          0   (incl. Padding)

    ----------------------------------------------------------------------

      Code (inc. data)   RO Data    RW Data    ZI Data      Debug   Library Member Name

        56          8          0          0          0         84   __0sscanf.o
        28          0          0          0          0         68   _chval.o
       812          4          0          0          0        112   _scanf.o
       332          0          0          0          0         96   _scanf_int.o
        64          0          0          0          0         84   _sgetc.o
        40          6         64          0          0         68   ctype_c.o
         0          0          0          0          0          0   entry.o
         0          0          0          0          0          0   entry10a.o
         0          0          0          0          0          0   entry11a.o
         8          4          0          0          0          0   entry2.o
         4          0          0          0          0          0   entry5.o
         0          0          0          0          0          0   entry7b.o
         0          0          0          0          0          0   entry8b.o
         8          4          0          0          0          0   entry9a.o
        30          0          0          0          0          0   handlers.o
        36          8          0          0          0         68   init.o
        10          0          0          0          0         68   isspace_c.o
        80          4          0          0          0         76   malloc.o
        36          0          0          0          0         68   memcpya.o
        36          0          0          0          0        108   memseta.o
         0          0          0          4          0          0   mvars.o
       916         20          0          0          0        504   printf6.o
        40          8          0          0          0         84   scanf_char.o
         0          0          0          4          0          0   stdout.o
        44          0          0          0          0         80   uidiv.o

    ----------------------------------------------------------------------
      2584         66         66          8          0       1568   Library Totals
         4          0          2          0          0          0   (incl. Padding)

    ----------------------------------------------------------------------

      Code (inc. data)   RO Data    RW Data    ZI Data      Debug   Library Name

      2580         66         64          8          0       1568   mc_w.l

    ----------------------------------------------------------------------
      2584         66         66          8          0       1568   Library Totals

    ----------------------------------------------------------------------

==============================================================================


      Code (inc. data)   RO Data    RW Data    ZI Data      Debug   

     16412       1120       5504         88      10976     579149   Grand Totals
     16412       1120       5504         88      10976     579149   ELF Image Totals
     16412       1120       5504         88          0          0   ROM Totals

==============================================================================

    Total RO  Size (Code + RO Data)                21916 (  21.40kB)
    Total RW  Size (RW Data + ZI Data)             11064 (  10.80kB)
    Total ROM Size (Code + RO Data + RW Data)      22004 (  21.49kB)

==============================================================================

